20:34:51 **** Incremental Build of configuration Debug for project first ****
make -r -j3 all 
Building target: first.axf
Invoking: MCU Linker
arm-none-eabi-gcc -nostdlib -L"/media/cliff/Desk/UNC/carrerpath/nationalUniversity/2021/digital3/wkspc/CMSISv2p00_LPC17xx/Debug" -Xlinker -Map="first.map" -Xlinker --cref -Xlinker --gc-sections -Xlinker -print-memory-usage -mcpu=cortex-m3 -mthumb -T "first_Debug.ld" -o "first.axf"  ./src/cr_startup_lpc175x_6x.o ./src/crp.o ./src/first.o   -lCMSISv2p00_LPC17xx
Memory region         Used Size  Region Size  %age Used
       MFlash512:        1012 B       512 KB      0.19%
        RamLoc32:           4 B        32 KB      0.01%
        RamAHB32:          0 GB        32 KB      0.00%
Finished building target: first.axf
 
make --no-print-directory post-build
Performing post-build steps
arm-none-eabi-size "first.axf"; # arm-none-eabi-objcopy -v -O binary "first.axf" "first.bin" ; # checksum -p LPC1769 -d "first.bin";
   text	   data	    bss	    dec	    hex	filename
   1012	      0	      4	   1016	    3f8	first.axf
 

20:34:51 Build Finished. 0 errors, 0 warnings. (took 506ms)

