00:31:11 **** Incremental Build of configuration Debug for project CMSISv2p00_LPC17xx ****
make -r -j3 all 
make: Nothing to be done for 'all'.
00:31:11 **** Incremental Build of configuration Debug for project mediaMovil ****
make -r -j3 all 
Building file: ../src/mediaMovil.c
Invoking: MCU C Compiler
arm-none-eabi-gcc -DDEBUG -D__CODE_RED -DCORE_M3 -D__USE_CMSIS=CMSISv2p00_LPC17xx -D__LPC17XX__ -D__REDLIB__ -I"/media/cliff/Desk/UNC/carrerpath/nationalUniversity/2021/digital3/wkspc/CMSISv2p00_LPC17xx/inc" -O0 -fno-common -g3 -Wall -c -fmessage-length=0 -fno-builtin -ffunction-sections -fdata-sections -fmerge-constants -fmacro-prefix-map="../src/"=. -mcpu=cortex-m3 -mthumb -fstack-usage -specs=redlib.specs -MMD -MP -MF"src/mediaMovil.d" -MT"src/mediaMovil.o" -MT"src/mediaMovil.d" -o "src/mediaMovil.o" "../src/mediaMovil.c"
Finished building: ../src/mediaMovil.c
 
Building target: mediaMovil.axf
Invoking: MCU Linker
arm-none-eabi-gcc -nostdlib -L"/media/cliff/Desk/UNC/carrerpath/nationalUniversity/2021/digital3/wkspc/CMSISv2p00_LPC17xx/Debug" -Xlinker -Map="mediaMovil.map" -Xlinker --cref -Xlinker --gc-sections -Xlinker -print-memory-usage -mcpu=cortex-m3 -mthumb -T "mediaMovil_Debug.ld" -o "mediaMovil.axf"  ./src/cr_startup_lpc175x_6x.o ./src/crp.o ./src/mediaMovil.o   -lCMSISv2p00_LPC17xx
Memory region         Used Size  Region Size  %age Used
       MFlash512:        1356 B       512 KB      0.26%
        RamLoc32:          84 B        32 KB      0.26%
        RamAHB32:          0 GB        32 KB      0.00%
Finished building target: mediaMovil.axf
 
make --no-print-directory post-build
Performing post-build steps
arm-none-eabi-size "mediaMovil.axf"; # arm-none-eabi-objcopy -v -O binary "mediaMovil.axf" "mediaMovil.bin" ; # checksum -p LPC1769 -d "mediaMovil.bin";
   text	   data	    bss	    dec	    hex	filename
   1276	     80	      4	   1360	    550	mediaMovil.axf
 
