/home/dario/Documents/MCUXpresso_11.4.1_6260/workspace/CMSISv2p00_LPC17xx/inc/core_cm3.h:928:22:NVIC_EnableIRQ	16	static
/home/dario/Documents/MCUXpresso_11.4.1_6260/workspace/CMSISv2p00_LPC17xx/inc/core_cm3.h:982:22:NVIC_ClearPendingIRQ	16	static
/home/dario/Documents/MCUXpresso_11.4.1_6260/workspace/CMSISv2p00_LPC17xx/inc/core_cm3.h:1012:22:NVIC_SetPriority	16	static
../src/emisor.c:47:6:cfgAdc	32	static
../src/emisor.c:163:6:cfgDac	16	static
../src/emisor.c:189:6:ADC_IRQHandler	16	static
../src/emisor.c:222:5:main	8	static
../src/emisor.c:257:6:EINT0_IRQHandler	16	static
