fsl_common.h:552:28:DisableGlobalIRQ	16	static
fsl_common.h:583:24:EnableGlobalIRQ	24	static
fsl_gpio.h:182:20:GPIO_PortSet	16	static
fsl_gpio.h:193:20:GPIO_PortClear	16	static
fsl_adc16.h:487:24:ADC16_GetChannelConversionValue	16	static
fsl_pit.h:220:20:PIT_ClearStatusFlags	24	static
fsl_pit.h:246:20:PIT_SetTimerPeriod	24	static
fsl_pit.h:264:24:PIT_GetCurrentTimerCount	16	static
fsl_pit.h:286:20:PIT_StartTimer	16	static
fsl_pit.h:300:20:PIT_StopTimer	16	static
TP3_0.c:58:5:main	80	dynamic
TP3_0.c:148:6:mostrarRate	8	static
TP3_0.c:186:6:setFftConfig	8	static
TP3_0.c:209:6:PORTA_IRQHandler	8	static
TP3_0.c:227:6:PORTC_IRQHandler	8	static
TP3_0.c:237:6:PORTB_IRQHandler	8	static
TP3_0.c:248:6:PIT0_IRQHandler	8	static
TP3_0.c:267:6:ADC0_IRQHandler	8	static
TP3_0.c:289:7:timeCount	24	static
