fsl_gpio.h:182:20:GPIO_PortSet	16	static
fsl_gpio.h:193:20:GPIO_PortClear	16	static
fsl_adc16.h:487:24:ADC16_GetChannelConversionValue	16	static
fsl_pit.h:220:20:PIT_ClearStatusFlags	24	static
fsl_pit.h:246:20:PIT_SetTimerPeriod	24	static
fsl_pit.h:286:20:PIT_StartTimer	16	static
fsl_pit.h:300:20:PIT_StopTimer	16	static
TP1_0.c:39:5:main	8	static
TP1_0.c:64:6:mostrarRate	8	static
TP1_0.c:93:6:PORTC_IRQHandler	8	static
TP1_0.c:108:6:PORTA_IRQHandler	8	static
TP1_0.c:121:6:PIT0_IRQHandler	8	static
TP1_0.c:130:6:ADC0_IRQHandler	8	static
