../src/cr_startup_lpc176x.c:346:6:NMI_Handler	0	static
../src/cr_startup_lpc176x.c:353:6:HardFault_Handler	0	static
../src/cr_startup_lpc176x.c:360:6:MemManage_Handler	0	static
../src/cr_startup_lpc176x.c:367:6:BusFault_Handler	0	static
../src/cr_startup_lpc176x.c:374:6:UsageFault_Handler	0	static
../src/cr_startup_lpc176x.c:381:6:SVCall_Handler	0	static
../src/cr_startup_lpc176x.c:388:6:DebugMon_Handler	0	static
../src/cr_startup_lpc176x.c:395:6:PendSV_Handler	0	static
../src/cr_startup_lpc176x.c:402:6:SysTick_Handler	0	static
../src/cr_startup_lpc176x.c:416:6:IntDefaultHandler	0	static
../src/cr_startup_lpc176x.c:216:6:data_init	8	static
../src/cr_startup_lpc176x.c:225:6:bss_init	0	static
../src/cr_startup_lpc176x.c:271:1:ResetISR	16	static
