Archive member included to satisfy reference by file (symbol)

/home/cliff/mcuxpresso/02/SDKPackages/SDK_2.8.2_FRDM-K64F_Linux/CMSIS/DSP/Lib/GCC/libarm_cortexM4lf_math.a(arm_fir_q15.o)
                              ./source/TP2_0.o (arm_fir_q15)
/home/cliff/mcuxpresso/02/SDKPackages/SDK_2.8.2_FRDM-K64F_Linux/CMSIS/DSP/Lib/GCC/libarm_cortexM4lf_math.a(arm_fir_init_q15.o)
                              ./source/TP2_0.o (arm_fir_init_q15)
/usr/local/mcuxpressoide-11.2.0_4120/ide/plugins/com.nxp.mcuxpresso.tools.linux_11.2.0.202001021529/tools/bin/../lib/gcc/arm-none-eabi/9.2.1/../../../../arm-none-eabi/lib/thumb/v7e-m+fp/hard/libcr_semihost_nf.a(_cr__main.o)
                              ./startup/startup_mk64f12.o (__main)
/usr/local/mcuxpressoide-11.2.0_4120/ide/plugins/com.nxp.mcuxpresso.tools.linux_11.2.0.202001021529/tools/bin/../lib/gcc/arm-none-eabi/9.2.1/../../../../arm-none-eabi/lib/thumb/v7e-m+fp/hard/libcr_semihost_nf.a(_cr_assert.o)
                              ./utilities/fsl_debug_console.o (__assertion_failed)
/usr/local/mcuxpressoide-11.2.0_4120/ide/plugins/com.nxp.mcuxpresso.tools.linux_11.2.0.202001021529/tools/bin/../lib/gcc/arm-none-eabi/9.2.1/../../../../arm-none-eabi/lib/thumb/v7e-m+fp/hard/libcr_semihost_nf.a(__ciob.o)
                              /usr/local/mcuxpressoide-11.2.0_4120/ide/plugins/com.nxp.mcuxpresso.tools.linux_11.2.0.202001021529/tools/bin/../lib/gcc/arm-none-eabi/9.2.1/../../../../arm-none-eabi/lib/thumb/v7e-m+fp/hard/libcr_semihost_nf.a(_cr_assert.o) (__Ciob)
/usr/local/mcuxpressoide-11.2.0_4120/ide/plugins/com.nxp.mcuxpresso.tools.linux_11.2.0.202001021529/tools/bin/../lib/gcc/arm-none-eabi/9.2.1/../../../../arm-none-eabi/lib/thumb/v7e-m+fp/hard/libcr_semihost_nf.a(__sys_appexit.o)
                              /usr/local/mcuxpressoide-11.2.0_4120/ide/plugins/com.nxp.mcuxpresso.tools.linux_11.2.0.202001021529/tools/bin/../lib/gcc/arm-none-eabi/9.2.1/../../../../arm-none-eabi/lib/thumb/v7e-m+fp/hard/libcr_semihost_nf.a(_cr_assert.o) (__sys_appexit)
/usr/local/mcuxpressoide-11.2.0_4120/ide/plugins/com.nxp.mcuxpresso.tools.linux_11.2.0.202001021529/tools/bin/../lib/gcc/arm-none-eabi/9.2.1/../../../../arm-none-eabi/lib/thumb/v7e-m+fp/hard/libcr_c.a(memcpy.o)
                              ./utilities/fsl_str.o (memcpy)
/usr/local/mcuxpressoide-11.2.0_4120/ide/plugins/com.nxp.mcuxpresso.tools.linux_11.2.0.202001021529/tools/bin/../lib/gcc/arm-none-eabi/9.2.1/../../../../arm-none-eabi/lib/thumb/v7e-m+fp/hard/libcr_c.a(memset.o)
                              ./drivers/fsl_adc16.o (memset)
/usr/local/mcuxpressoide-11.2.0_4120/ide/plugins/com.nxp.mcuxpresso.tools.linux_11.2.0.202001021529/tools/bin/../lib/gcc/arm-none-eabi/9.2.1/../../../../arm-none-eabi/lib/thumb/v7e-m+fp/hard/libcr_c.a(_deferredlazyseek.o)
                              /usr/local/mcuxpressoide-11.2.0_4120/ide/plugins/com.nxp.mcuxpresso.tools.linux_11.2.0.202001021529/tools/bin/../lib/gcc/arm-none-eabi/9.2.1/../../../../arm-none-eabi/lib/thumb/v7e-m+fp/hard/libcr_semihost_nf.a(_cr_assert.o) (__flsbuf)
/usr/local/mcuxpressoide-11.2.0_4120/ide/plugins/com.nxp.mcuxpresso.tools.linux_11.2.0.202001021529/tools/bin/../lib/gcc/arm-none-eabi/9.2.1/../../../../arm-none-eabi/lib/thumb/v7e-m+fp/hard/libcr_c.a(_fflush.o)
                              /usr/local/mcuxpressoide-11.2.0_4120/ide/plugins/com.nxp.mcuxpresso.tools.linux_11.2.0.202001021529/tools/bin/../lib/gcc/arm-none-eabi/9.2.1/../../../../arm-none-eabi/lib/thumb/v7e-m+fp/hard/libcr_c.a(_deferredlazyseek.o) (_fflush)
/usr/local/mcuxpressoide-11.2.0_4120/ide/plugins/com.nxp.mcuxpresso.tools.linux_11.2.0.202001021529/tools/bin/../lib/gcc/arm-none-eabi/9.2.1/../../../../arm-none-eabi/lib/thumb/v7e-m+fp/hard/libcr_c.a(_writebuf.o)
                              /usr/local/mcuxpressoide-11.2.0_4120/ide/plugins/com.nxp.mcuxpresso.tools.linux_11.2.0.202001021529/tools/bin/../lib/gcc/arm-none-eabi/9.2.1/../../../../arm-none-eabi/lib/thumb/v7e-m+fp/hard/libcr_c.a(_deferredlazyseek.o) (_Cwritebuf)
/usr/local/mcuxpressoide-11.2.0_4120/ide/plugins/com.nxp.mcuxpresso.tools.linux_11.2.0.202001021529/tools/bin/../lib/gcc/arm-none-eabi/9.2.1/../../../../arm-none-eabi/lib/thumb/v7e-m+fp/hard/libcr_c.a(alloc.o)
                              ./drivers/fsl_common.o (malloc)
/usr/local/mcuxpressoide-11.2.0_4120/ide/plugins/com.nxp.mcuxpresso.tools.linux_11.2.0.202001021529/tools/bin/../lib/gcc/arm-none-eabi/9.2.1/../../../../arm-none-eabi/lib/thumb/v7e-m+fp/hard/libcr_c.a(fputs.o)
                              /usr/local/mcuxpressoide-11.2.0_4120/ide/plugins/com.nxp.mcuxpresso.tools.linux_11.2.0.202001021529/tools/bin/../lib/gcc/arm-none-eabi/9.2.1/../../../../arm-none-eabi/lib/thumb/v7e-m+fp/hard/libcr_semihost_nf.a(_cr_assert.o) (fputs)
/usr/local/mcuxpressoide-11.2.0_4120/ide/plugins/com.nxp.mcuxpresso.tools.linux_11.2.0.202001021529/tools/bin/../lib/gcc/arm-none-eabi/9.2.1/../../../../arm-none-eabi/lib/thumb/v7e-m+fp/hard/libcr_c.a(fseek.o)
[...]
Memory Configuration

Name             Origin             Length             Attributes
PROGRAM_FLASH    0x0000000000000000 0x0000000000100000 xr
SRAM_UPPER       0x0000000020000000 0x0000000000030000 xrw
SRAM_LOWER       0x000000001fff0000 0x0000000000010000 xrw
FLEX_RAM         0x0000000014000000 0x0000000000001000 xrw
*default*        0x0000000000000000 0xffffffffffffffff

Linker script and memory map

LOAD ./utilities/fsl_debug_console.o
LOAD ./utilities/fsl_str.o
LOAD ./startup/startup_mk64f12.o
LOAD ./source/TP2_0.o
LOAD ./source/semihost_hardfault.o
LOAD ./drivers/fsl_adc16.o
LOAD ./drivers/fsl_clock.o
LOAD ./drivers/fsl_common.o
LOAD ./drivers/fsl_dac.o
LOAD ./drivers/fsl_dmamux.o
LOAD ./drivers/fsl_edma.o
LOAD ./drivers/fsl_gpio.o
LOAD ./drivers/fsl_i2c.o
LOAD ./drivers/fsl_pit.o
LOAD ./drivers/fsl_smc.o
LOAD ./drivers/fsl_uart.o
LOAD ./device/system_MK64F12.o
LOAD ./component/uart/uart_adapter.o
LOAD ./component/serial_manager/serial_manager.o
LOAD ./component/serial_manager/serial_port_uart.o
LOAD ./component/lists/generic_list.o
LOAD ./board/board.o
LOAD ./board/clock_config.o
LOAD ./board/peripherals.o
LOAD ./board/pin_mux.o
LOAD /home/cliff/mcuxpresso/02/SDKPackages/SDK_2.8.2_FRDM-K64F_Linux/CMSIS/DSP/Lib/GCC/libarm_cortexM4lf_math.a
START GROUP
LOAD /usr/local/mcuxpressoide-11.2.0_4120/ide/plugins/com.nxp.mcuxpresso.tools.linux_11.2.0.202001021529/tools/bin/../lib/gcc/arm-none-eabi/9.2.1/../../../../arm-none-eabi/lib/thumb/v7e-m+fp/hard/libcr_semihost_nf.a
LOAD /usr/local/mcuxpressoide-11.2.0_4120/ide/plugins/com.nxp.mcuxpresso.tools.linux_11.2.0.202001021529/tools/bin/../lib/gcc/arm-none-eabi/9.2.1/../../../../arm-none-eabi/lib/thumb/v7e-m+fp/hard/libcr_c.a
LOAD /usr/local/mcuxpressoide-11.2.0_4120/ide/plugins/com.nxp.mcuxpresso.tools.linux_11.2.0.202001021529/tools/bin/../lib/gcc/arm-none-eabi/9.2.1/thumb/v7e-m+fp/hard/libcr_eabihelpers.a
LOAD /usr/local/mcuxpressoide-11.2.0_4120/ide/plugins/com.nxp.mcuxpresso.tools.linux_11.2.0.202001021529/tools/bin/../lib/gcc/arm-none-eabi/9.2.1/thumb/v7e-m+fp/hard/libgcc.a
END GROUP
                0x0000000000000000                __base_PROGRAM_FLASH = 0x0
                0x0000000000000000                __base_Flash = 0x0
                0x0000000000100000                __top_PROGRAM_FLASH = 0x100000
                0x0000000000100000                __top_Flash = 0x100000
                0x0000000020000000                __base_SRAM_UPPER = 0x20000000
                0x0000000020000000                __base_RAM = 0x20000000
                0x0000000020030000                __top_SRAM_UPPER = 0x20030000
                0x0000000020030000                __top_RAM = 0x20030000
                0x000000001fff0000                __base_SRAM_LOWER = 0x1fff0000
                0x000000001fff0000                __base_RAM2 = 0x1fff0000
                0x0000000020000000                __top_SRAM_LOWER = 0x20000000
                0x0000000020000000                __top_RAM2 = 0x20000000
                0x0000000014000000                __base_FLEX_RAM = 0x14000000
                0x0000000014000000                __base_RAM3 = 0x14000000
                0x0000000014001000                __top_FLEX_RAM = 0x14001000
                0x0000000014001000                __top_RAM3 = 0x14001000

.text           0x0000000000000000     0x57a0
 FILL mask 0xff
                0x0000000000000000                __vectors_start__ = ABSOLUTE (.)
 *(SORT_BY_ALIGNMENT(.isr_vector))
 .isr_vector    0x0000000000000000      0x198 ./startup/startup_mk64f12.o
                0x0000000000000000                __Vectors
                0x0000000000000000                g_pfnVectors
                0x0000000000000198                . = ALIGN (0x4)
                0x0000000000000198                __section_table_start = .
                0x0000000000000198                __data_section_table = .
                0x0000000000000198        0x4 LONG 0x57a0 LOADADDR (.data)
                0x000000000000019c        0x4 LONG 0x20000000 ADDR (.data)
                0x00000000000001a0        0x4 LONG 0x18 SIZEOF (.data)
                0x00000000000001a4        0x4 LONG 0x57a0 LOADADDR (.data_RAM2)
                0x00000000000001a8        0x4 LONG 0x1fff0000 ADDR (.data_RAM2)
                0x00000000000001ac        0x4 LONG 0x0 SIZEOF (.data_RAM2)
                0x00000000000001b0        0x4 LONG 0x57a0 LOADADDR (.data_RAM3)
                0x00000000000001b4        0x4 LONG 0x14000000 ADDR (.data_RAM3)
                0x00000000000001b8        0x4 LONG 0x0 SIZEOF (.data_RAM3)
                0x00000000000001bc                __data_section_table_end = .
                0x00000000000001bc                __bss_section_table = .
                0x00000000000001bc        0x4 LONG 0x20000018 ADDR (.bss)
                0x00000000000001c0        0x4 LONG 0x38c8 SIZEOF (.bss)
                0x00000000000001c4        0x4 LONG 0x1fff0000 ADDR (.bss_RAM2)
                0x00000000000001c8        0x4 LONG 0x0 SIZEOF (.bss_RAM2)
                0x00000000000001cc        0x4 LONG 0x14000000 ADDR (.bss_RAM3)
                0x00000000000001d0        0x4 LONG 0x0 SIZEOF (.bss_RAM3)
                0x00000000000001d4                __bss_section_table_end = .
                0x00000000000001d4                __section_table_end = .
 *(SORT_BY_ALIGNMENT(.after_vectors*))
 .after_vectors.reset
                0x00000000000001d4       0x4c ./startup/startup_mk64f12.o
                0x00000000000001d4                ResetISR
 .after_vectors.init_data
                0x0000000000000220       0x1e ./startup/startup_mk64f12.o
                0x0000000000000220                data_init
 .after_vectors.init_bss
                0x000000000000023e       0x12 ./startup/startup_mk64f12.o
                0x000000000000023e                bss_init
 .after_vectors
                0x0000000000000250       0x14 ./startup/startup_mk64f12.o
                0x0000000000000250                NMI_Handler
                0x0000000000000254                MemManage_Handler
                0x0000000000000256                BusFault_Handler
                0x0000000000000258                UsageFault_Handler
                0x000000000000025a                SVC_Handler
                0x000000000000025c                DebugMon_Handler
                0x000000000000025e                PendSV_Handler
                0x0000000000000260                SysTick_Handler
                0x0000000000000262                PORTB_DriverIRQHandler
                0x0000000000000262                SPI1_DriverIRQHandler
                0x0000000000000262                LPTMR0_DriverIRQHandler
                0x0000000000000262                DMA_Error_DriverIRQHandler
                0x0000000000000262                FTM1_DriverIRQHandler
                0x0000000000000262                FTM2_DriverIRQHandler
                0x0000000000000262                PIT2_DriverIRQHandler
                0x0000000000000262                SDHC_DriverIRQHandler
                0x0000000000000262                I2S0_Tx_DriverIRQHandler
                0x0000000000000262                RTC_Seconds_DriverIRQHandler
                0x0000000000000262                LLWU_DriverIRQHandler
                0x0000000000000262                MCM_DriverIRQHandler
                0x0000000000000262                MCG_DriverIRQHandler
                0x0000000000000262                ENET_1588_Timer_DriverIRQHandler
                0x0000000000000262                DAC1_DriverIRQHandler
                0x0000000000000262                CMP1_DriverIRQHandler
                0x0000000000000262                FTM0_DriverIRQHandler
                0x0000000000000262                IntDefaultHandler
                0x0000000000000262                USB0_DriverIRQHandler
                0x0000000000000262                UART5_ERR_DriverIRQHandler
                0x0000000000000262                PORTC_DriverIRQHandler
                0x0000000000000262                DAC0_DriverIRQHandler
                0x0000000000000262                CMP2_DriverIRQHandler
                0x0000000000000262                UART2_ERR_DriverIRQHandler
                0x0000000000000262                SPI2_DriverIRQHandler
                0x0000000000000262                LVD_LVW_DriverIRQHandler
                0x0000000000000262                PIT0_DriverIRQHandler
                0x0000000000000262                RNG_DriverIRQHandler
                0x0000000000000262                USBDCD_DriverIRQHandler
                0x0000000000000262                UART3_ERR_DriverIRQHandler
                0x0000000000000262                UART0_ERR_DriverIRQHandler
                0x0000000000000262                CMT_DriverIRQHandler
                0x0000000000000262                Reserved71_DriverIRQHandler
                0x0000000000000262                ADC1_DriverIRQHandler
                0x0000000000000262                PORTA_DriverIRQHandler
                0x0000000000000262                PIT3_DriverIRQHandler
                0x0000000000000262                PIT1_DriverIRQHandler
                0x0000000000000262                WDOG_EWM_DriverIRQHandler
                0x0000000000000262                PDB0_DriverIRQHandler
                0x0000000000000262                RTC_DriverIRQHandler
                0x0000000000000262                I2S0_Rx_DriverIRQHandler
                0x0000000000000262                Read_Collision_DriverIRQHandler
                0x0000000000000262                SWI_DriverIRQHandler
                0x0000000000000262                UART4_ERR_DriverIRQHandler
                0x0000000000000262                UART0_LON_DriverIRQHandler
                0x0000000000000262                ENET_Receive_DriverIRQHandler
                0x0000000000000262                ENET_Error_DriverIRQHandler
                0x0000000000000262                SPI0_DriverIRQHandler
                0x0000000000000262                ADC0_DriverIRQHandler
                0x0000000000000262                CMP0_DriverIRQHandler
                0x0000000000000262                CAN0_DriverIRQHandler
                0x0000000000000262                FTM3_DriverIRQHandler
                0x0000000000000262                UART1_ERR_DriverIRQHandler
                0x0000000000000262                ENET_Transmit_DriverIRQHandler
                0x0000000000000262                PORTD_DriverIRQHandler
                0x0000000000000262                PORTE_DriverIRQHandler
                0x0000000000000262                FTFE_DriverIRQHandler
                0x0000000000000400                . = 0x400
 *fill*         0x0000000000000264      0x19c ff
                0x0000000000000400                PROVIDE (__FLASH_CONFIG_START__ = .)
 *(SORT_BY_ALIGNMENT(.FlashConfig))
 .FlashConfig   0x0000000000000400       0x10 ./startup/startup_mk64f12.o
                0x0000000000000400                Flash_Config
                0x0000000000000410                PROVIDE (__FLASH_CONFIG_END__ = .)
                0x0000000000000001                ASSERT (! ((__FLASH_CONFIG_START__ == __FLASH_CONFIG_END__)), Linker Flash Config Support Enabled, but no .FlashConfig section provided within application)
 *(SORT_BY_ALIGNMENT(.text*))
 .text.ADC16_GetChannelConversionValue
                0x0000000000000410       0x2c ./source/TP2_0.o
 .text.main     0x000000000000043c      0x1e0 ./source/TP2_0.o
                0x000000000000043c                main
 .text.mostrarRate
                0x000000000000061c       0xbc ./source/TP2_0.o
                0x000000000000061c                mostrarRate
 .text.PORTA_IRQHandler
                0x00000000000006d8       0x5c ./source/TP2_0.o
                0x00000000000006d8                PORTA_IRQHandler
 .text.PORTC_IRQHandler
                0x0000000000000734       0x3c ./source/TP2_0.o
                0x0000000000000734                PORTC_IRQHandler
 .text.PIT0_IRQHandler
                0x0000000000000770       0x78 ./source/TP2_0.o
                0x0000000000000770                PIT0_IRQHandler
 .text.ADC0_IRQHandler
                0x00000000000007e8       0x70 ./source/TP2_0.o
                0x00000000000007e8                ADC0_IRQHandler
 .text.ADC16_GetInstance
                0x0000000000000858       0x4c ./drivers/fsl_adc16.o
 .text.ADC16_Init
                0x00000000000008a4      0x10c ./drivers/fsl_adc16.o
                0x00000000000008a4                ADC16_Init
 .text.ADC16_SetChannelConfig
                0x00000000000009b0       0x68 ./drivers/fsl_adc16.o
                0x00000000000009b0                ADC16_SetChannelConfig
 .text.ADC16_GetChannelStatusFlags
                0x0000000000000a18       0x40 ./drivers/fsl_adc16.o
                0x0000000000000a18                ADC16_GetChannelStatusFlags
 .text.CLOCK_SetEr32kClock
                0x0000000000000a58       0x30 ./drivers/fsl_clock.o
 .text.CLOCK_SetPllFllSelClock
                0x0000000000000a88       0x3c ./drivers/fsl_clock.o
 .text.CLOCK_GetMcgExtClkFreq
                0x0000000000000ac4       0x7c ./drivers/fsl_clock.o
 .text.CLOCK_GetFllExtRefClkFreq
                0x0000000000000b40       0xb0 ./drivers/fsl_clock.o
 .text.CLOCK_GetInternalRefClkSelectFreq
                0x0000000000000bf0       0x4c ./drivers/fsl_clock.o
 .text.CLOCK_GetFllRefClkFreq
                0x0000000000000c3c       0x34 ./drivers/fsl_clock.o
 .text.CLOCK_GetOscRangeFromFreq
                0x0000000000000c70       0x3c ./drivers/fsl_clock.o
 .text.CLOCK_GetCoreSysClkFreq
                0x0000000000000cac       0x28 ./drivers/fsl_clock.o
                0x0000000000000cac                CLOCK_GetCoreSysClkFreq
 .text.CLOCK_SetSimConfig
                0x0000000000000cd4       0x38 ./drivers/fsl_clock.o
                0x0000000000000cd4                CLOCK_SetSimConfig
 .text.CLOCK_EnableUsbfs0Clock
                0x0000000000000d0c      0x110 ./drivers/fsl_clock.o
                0x0000000000000d0c                CLOCK_EnableUsbfs0Clock
 .text.CLOCK_GetOutClkFreq
                0x0000000000000e1c       0x64 ./drivers/fsl_clock.o
                0x0000000000000e1c                CLOCK_GetOutClkFreq
 .text.CLOCK_GetFllFreq
                0x0000000000000e80       0x84 ./drivers/fsl_clock.o
                0x0000000000000e80                CLOCK_GetFllFreq
 .text.CLOCK_GetPll0Freq
                0x0000000000000f04       0x78 ./drivers/fsl_clock.o
                0x0000000000000f04                CLOCK_GetPll0Freq
 .text.CLOCK_SetExternalRefClkConfig
                0x0000000000000f7c       0x6c ./drivers/fsl_clock.o
                0x0000000000000f7c                CLOCK_SetExternalRefClkConfig
 .text.CLOCK_SetInternalRefClkConfig
                0x0000000000000fe8      0x104 ./drivers/fsl_clock.o
                0x0000000000000fe8                CLOCK_SetInternalRefClkConfig
 .text.CLOCK_EnablePll0
                0x00000000000010ec       0x88 ./drivers/fsl_clock.o
                0x00000000000010ec                CLOCK_EnablePll0
 .text.CLOCK_InitOsc0
                0x0000000000001174       0x8c ./drivers/fsl_clock.o
                0x0000000000001174                CLOCK_InitOsc0
 .text.CLOCK_SetPbeMode
                0x0000000000001200       0xa8 ./drivers/fsl_clock.o
                0x0000000000001200                CLOCK_SetPbeMode
 .text.CLOCK_BootToPeeMode
                0x00000000000012a8       0x64 ./drivers/fsl_clock.o
                0x00000000000012a8                CLOCK_BootToPeeMode
 .text.DAC_GetInstance
                0x000000000000130c       0x4c ./drivers/fsl_dac.o
 .text.DAC_Init
                0x0000000000001358       0x70 ./drivers/fsl_dac.o
                0x0000000000001358                DAC_Init
 .text.DAC_SetBufferValue
                0x00000000000013c8       0x50 ./drivers/fsl_dac.o
                0x00000000000013c8                DAC_SetBufferValue
 .text.DAC_SetBufferReadPointer
                0x0000000000001418       0x48 ./drivers/fsl_dac.o
                0x0000000000001418                DAC_SetBufferReadPointer
 .text.EDMA_HandleIRQ
                0x0000000000001460      0x160 ./drivers/fsl_edma.o
                0x0000000000001460                EDMA_HandleIRQ
 .text.DMA0_DriverIRQHandler
                0x00000000000015c0       0x1c ./drivers/fsl_edma.o
                0x00000000000015c0                DMA0_DriverIRQHandler
 .text.DMA1_DriverIRQHandler
                0x00000000000015dc       0x1c ./drivers/fsl_edma.o
                0x00000000000015dc                DMA1_DriverIRQHandler
 .text.DMA2_DriverIRQHandler
                0x00000000000015f8       0x1c ./drivers/fsl_edma.o
                0x00000000000015f8                DMA2_DriverIRQHandler
 .text.DMA3_DriverIRQHandler
                0x0000000000001614       0x1c ./drivers/fsl_edma.o
                0x0000000000001614                DMA3_DriverIRQHandler
 .text.DMA4_DriverIRQHandler
                0x0000000000001630       0x1c ./drivers/fsl_edma.o
                0x0000000000001630                DMA4_DriverIRQHandler
 .text.DMA5_DriverIRQHandler
                0x000000000000164c       0x1c ./drivers/fsl_edma.o
                0x000000000000164c                DMA5_DriverIRQHandler
 .text.DMA6_DriverIRQHandler
                0x0000000000001668       0x1c ./drivers/fsl_edma.o
                0x0000000000001668                DMA6_DriverIRQHandler
 .text.DMA7_DriverIRQHandler
                0x0000000000001684       0x1c ./drivers/fsl_edma.o
                0x0000000000001684                DMA7_DriverIRQHandler
 .text.DMA8_DriverIRQHandler
                0x00000000000016a0       0x1c ./drivers/fsl_edma.o
                0x00000000000016a0                DMA8_DriverIRQHandler
 .text.DMA9_DriverIRQHandler
                0x00000000000016bc       0x1c ./drivers/fsl_edma.o
                0x00000000000016bc                DMA9_DriverIRQHandler
 .text.DMA10_DriverIRQHandler
                0x00000000000016d8       0x1c ./drivers/fsl_edma.o
                0x00000000000016d8                DMA10_DriverIRQHandler
 .text.DMA11_DriverIRQHandler
                0x00000000000016f4       0x1c ./drivers/fsl_edma.o
                0x00000000000016f4                DMA11_DriverIRQHandler
 .text.DMA12_DriverIRQHandler
                0x0000000000001710       0x1c ./drivers/fsl_edma.o
                0x0000000000001710                DMA12_DriverIRQHandler
 .text.DMA13_DriverIRQHandler
                0x000000000000172c       0x1c ./drivers/fsl_edma.o
                0x000000000000172c                DMA13_DriverIRQHandler
 .text.DMA14_DriverIRQHandler
                0x0000000000001748       0x1c ./drivers/fsl_edma.o
                0x0000000000001748                DMA14_DriverIRQHandler
 .text.DMA15_DriverIRQHandler
                0x0000000000001764       0x1c ./drivers/fsl_edma.o
                0x0000000000001764                DMA15_DriverIRQHandler
 .text.GPIO_GetInstance
                0x0000000000001780       0x4c ./drivers/fsl_gpio.o
 .text.GPIO_PinInit
                0x00000000000017cc       0x68 ./drivers/fsl_gpio.o
                0x00000000000017cc                GPIO_PinInit
 .text.GPIO_PortClearInterruptFlags
                0x0000000000001834       0x34 ./drivers/fsl_gpio.o
                0x0000000000001834                GPIO_PortClearInterruptFlags
 .text.I2C_TransferCommonIRQHandler
                0x0000000000001868       0x58 ./drivers/fsl_i2c.o
 .text.I2C0_DriverIRQHandler
                0x00000000000018c0       0x1c ./drivers/fsl_i2c.o
                0x00000000000018c0                I2C0_DriverIRQHandler
 .text.I2C1_DriverIRQHandler
                0x00000000000018dc       0x1c ./drivers/fsl_i2c.o
                0x00000000000018dc                I2C1_DriverIRQHandler
 .text.I2C2_DriverIRQHandler
                0x00000000000018f8       0x1c ./drivers/fsl_i2c.o
                0x00000000000018f8                I2C2_DriverIRQHandler
 .text.PIT_GetInstance
                0x0000000000001914       0x44 ./drivers/fsl_pit.o
 .text.PIT_Init
                0x0000000000001958       0x94 ./drivers/fsl_pit.o
                0x0000000000001958                PIT_Init
 .text.UART0_DriverIRQHandler
                0x00000000000019ec       0x28 ./drivers/fsl_uart.o
                0x00000000000019ec                UART0_DriverIRQHandler
 .text.UART1_DriverIRQHandler
                0x0000000000001a14       0x28 ./drivers/fsl_uart.o
                0x0000000000001a14                UART1_DriverIRQHandler
 .text.UART2_DriverIRQHandler
                0x0000000000001a3c       0x28 ./drivers/fsl_uart.o
                0x0000000000001a3c                UART2_DriverIRQHandler
 .text.UART3_DriverIRQHandler
                0x0000000000001a64       0x28 ./drivers/fsl_uart.o
                0x0000000000001a64                UART3_DriverIRQHandler
 .text.UART4_DriverIRQHandler
                0x0000000000001a8c       0x28 ./drivers/fsl_uart.o
                0x0000000000001a8c                UART4_DriverIRQHandler
 .text.UART5_DriverIRQHandler
                0x0000000000001ab4       0x28 ./drivers/fsl_uart.o
                0x0000000000001ab4                UART5_DriverIRQHandler
 .text.SystemInit
                0x0000000000001adc       0x3c ./device/system_MK64F12.o
                0x0000000000001adc                SystemInit
 .text.CLOCK_SetSdhc0Clock
                0x0000000000001b18       0x3c ./board/clock_config.o
 .text.CLOCK_SetEnetTime0Clock
                0x0000000000001b54       0x3c ./board/clock_config.o
 .text.CLOCK_SetRmii0Clock
                0x0000000000001b90       0x3c ./board/clock_config.o
 .text.CLOCK_SetTraceClock
                0x0000000000001bcc       0x3c ./board/clock_config.o
 .text.CLOCK_SetClkOutClock
                0x0000000000001c08       0x38 ./board/clock_config.o
 .text.CLOCK_SetSimSafeDivs
                0x0000000000001c40       0x20 ./board/clock_config.o
 .text.CLOCK_SetXtal0Freq
                0x0000000000001c60       0x20 ./board/clock_config.o
 .text.CLOCK_CONFIG_SetFllExtRefDiv
                0x0000000000001c80       0x3c ./board/clock_config.o
 .text.BOARD_BootClockRUN
                0x0000000000001cbc       0x88 ./board/clock_config.o
                0x0000000000001cbc                BOARD_BootClockRUN
 .text.__NVIC_EnableIRQ
                0x0000000000001d44       0x3c ./board/peripherals.o
 .text.ADC0_init
                0x0000000000001d80       0x40 ./board/peripherals.o
 .text.DAC0_init
                0x0000000000001dc0       0x34 ./board/peripherals.o
 .text.PIT_init
                0x0000000000001df4       0x4c ./board/peripherals.o
 .text.PORT_SetPinConfig
                0x0000000000001e40       0x38 ./board/pin_mux.o
 .text.BOARD_InitButtonsPins
                0x0000000000001e78       0xc0 ./board/pin_mux.o
                0x0000000000001e78                BOARD_InitButtonsPins
 .text.BOARD_InitLEDsPins
                0x0000000000001f38       0xdc ./board/pin_mux.o
                0x0000000000001f38                BOARD_InitLEDsPins
 .text.arm_fir_q15
                0x0000000000002014      0x368 /home/cliff/mcuxpresso/02/SDKPackages/SDK_2.8.2_FRDM-K64F_Linux/CMSIS/DSP/Lib/GCC/libarm_cortexM4lf_math.a(arm_fir_q15.o)
                0x0000000000002014                arm_fir_q15
 .text.arm_fir_init_q15
                0x000000000000237c       0x2c /home/cliff/mcuxpresso/02/SDKPackages/SDK_2.8.2_FRDM-K64F_Linux/CMSIS/DSP/Lib/GCC/libarm_cortexM4lf_math.a(arm_fir_init_q15.o)
                0x000000000000237c                arm_fir_init_q15
 .text.__assertion_failed
                0x00000000000023a8       0x4c /usr/local/mcuxpressoide-11.2.0_4120/ide/plugins/com.nxp.mcuxpresso.tools.linux_11.2.0.202001021529/tools/bin/../lib/gcc/arm-none-eabi/9.2.1/../../../../arm-none-eabi/lib/thumb/v7e-m+fp/hard/libcr_semihost_nf.a(_cr_assert.o)
                0x00000000000023a8                __assertion_failed
 .text.__sys_appexit
                0x00000000000023f4        0xc /usr/local/mcuxpressoide-11.2.0_4120/ide/plugins/com.nxp.mcuxpresso.tools.linux_11.2.0.202001021529/tools/bin/../lib/gcc/arm-none-eabi/9.2.1/../../../../arm-none-eabi/lib/thumb/v7e-m+fp/hard/libcr_semihost_nf.a(__sys_appexit.o)
                0x00000000000023f4                __exit
                0x00000000000023f4                __sys_appexit
 .text._Cwritebuf
                0x0000000000002400       0x6c /usr/local/mcuxpressoide-11.2.0_4120/ide/plugins/com.nxp.mcuxpresso.tools.linux_11.2.0.202001021529/tools/bin/../lib/gcc/arm-none-eabi/9.2.1/../../../../arm-none-eabi/lib/thumb/v7e-m+fp/hard/libcr_c.a(_writebuf.o)
                0x0000000000002400                _Cwritebuf
 .text.malloc   0x000000000000246c       0xc8 /usr/local/mcuxpressoide-11.2.0_4120/ide/plugins/com.nxp.mcuxpresso.tools.linux_11.2.0.202001021529/tools/bin/../lib/gcc/arm-none-eabi/9.2.1/../../../../arm-none-eabi/lib/thumb/v7e-m+fp/hard/libcr_c.a(alloc.o)
                0x000000000000246c                malloc
 .text._Csys_alloc
                0x0000000000002534       0x20 /usr/local/mcuxpressoide-11.2.0_4120/ide/plugins/com.nxp.mcuxpresso.tools.linux_11.2.0.202001021529/tools/bin/../lib/gcc/arm-none-eabi/9.2.1/../../../../arm-none-eabi/lib/thumb/v7e-m+fp/hard/libcr_c.a(alloc.o)
                0x0000000000002534                _Csys_alloc
 .text.fseek    0x0000000000002554      0x100 /usr/local/mcuxpressoide-11.2.0_4120/ide/plugins/com.nxp.mcuxpresso.tools.linux_11.2.0.202001021529/tools/bin/../lib/gcc/arm-none-eabi/9.2.1/../../../../arm-none-eabi/lib/thumb/v7e-m+fp/hard/libcr_c.a(fseek.o)
                0x0000000000002554                fseek
 .text.ftell    0x0000000000002654       0x44 /usr/local/mcuxpressoide-11.2.0_4120/ide/plugins/com.nxp.mcuxpresso.tools.linux_11.2.0.202001021529/tools/bin/../lib/gcc/arm-none-eabi/9.2.1/../../../../arm-none-eabi/lib/thumb/v7e-m+fp/hard/libcr_c.a(ftell.o)
                0x0000000000002654                ftell
 .text._initio  0x0000000000002698       0x78 /usr/local/mcuxpressoide-11.2.0_4120/ide/plugins/com.nxp.mcuxpresso.tools.linux_11.2.0.202001021529/tools/bin/../lib/gcc/arm-none-eabi/9.2.1/../../../../arm-none-eabi/lib/thumb/v7e-m+fp/hard/libcr_c.a(initio.o)
                0x0000000000002698                _initio
 .text.__vfprintf
                0x0000000000002710      0xce8 /usr/local/mcuxpressoide-11.2.0_4120/ide/plugins/com.nxp.mcuxpresso.tools.linux_11.2.0.202001021529/tools/bin/../lib/gcc/arm-none-eabi/9.2.1/../../../../arm-none-eabi/lib/thumb/v7e-m+fp/hard/libcr_c.a(printf.o)
                0x0000000000002710                __vfprintf
 .text._vsnprintf
                0x00000000000033f8       0x68 /usr/local/mcuxpressoide-11.2.0_4120/ide/plugins/com.nxp.mcuxpresso.tools.linux_11.2.0.202001021529/tools/bin/../lib/gcc/arm-none-eabi/9.2.1/../../../../arm-none-eabi/lib/thumb/v7e-m+fp/hard/libcr_c.a(printf.o)
                0x00000000000033f8                _vsnprintf
 .text._printf  0x0000000000003460       0x54 /usr/local/mcuxpressoide-11.2.0_4120/ide/plugins/com.nxp.mcuxpresso.tools.linux_11.2.0.202001021529/tools/bin/../lib/gcc/arm-none-eabi/9.2.1/../../../../arm-none-eabi/lib/thumb/v7e-m+fp/hard/libcr_c.a(printf.o)
                0x0000000000003460                _printf
 .text._sbrk    0x00000000000034b4       0x3c /usr/local/mcuxpressoide-11.2.0_4120/ide/plugins/com.nxp.mcuxpresso.tools.linux_11.2.0.202001021529/tools/bin/../lib/gcc/arm-none-eabi/9.2.1/../../../../arm-none-eabi/lib/thumb/v7e-m+fp/hard/libcr_c.a(_cr_sbrk.o)
                0x00000000000034b4                _sbrk
 .text.fflush   0x00000000000034f0       0x44 /usr/local/mcuxpressoide-11.2.0_4120/ide/plugins/com.nxp.mcuxpresso.tools.linux_11.2.0.202001021529/tools/bin/../lib/gcc/arm-none-eabi/9.2.1/../../../../arm-none-eabi/lib/thumb/v7e-m+fp/hard/libcr_c.a(fflush.o)
                0x00000000000034f0                fflush
 .text.__check_heap_overflow
                0x0000000000003534       0x18 /usr/local/mcuxpressoide-11.2.0_4120/ide/plugins/com.nxp.mcuxpresso.tools.linux_11.2.0.202001021529/tools/bin/../lib/gcc/arm-none-eabi/9.2.1/../../../../arm-none-eabi/lib/thumb/v7e-m+fp/hard/libcr_c.a(_cr_check_heap.o)
                0x0000000000003534                __check_heap_overflow
 .text.DMA0_IRQHandler
                0x000000000000354c        0x8 ./startup/startup_mk64f12.o
                0x000000000000354c                DMA0_IRQHandler
 .text.DMA1_IRQHandler
                0x0000000000003554        0x8 ./startup/startup_mk64f12.o
                0x0000000000003554                DMA1_IRQHandler
 .text.DMA2_IRQHandler
                0x000000000000355c        0x8 ./startup/startup_mk64f12.o
                0x000000000000355c                DMA2_IRQHandler
 .text.DMA3_IRQHandler
                0x0000000000003564        0x8 ./startup/startup_mk64f12.o
                0x0000000000003564                DMA3_IRQHandler
 .text.DMA4_IRQHandler
                0x000000000000356c        0x8 ./startup/startup_mk64f12.o
                0x000000000000356c                DMA4_IRQHandler
 .text.DMA5_IRQHandler
                0x0000000000003574        0x8 ./startup/startup_mk64f12.o
                0x0000000000003574                DMA5_IRQHandler
 .text.DMA6_IRQHandler
                0x000000000000357c        0x8 ./startup/startup_mk64f12.o
                0x000000000000357c                DMA6_IRQHandler
 .text.DMA7_IRQHandler
                0x0000000000003584        0x8 ./startup/startup_mk64f12.o
                0x0000000000003584                DMA7_IRQHandler
 .text.DMA8_IRQHandler
                0x000000000000358c        0x8 ./startup/startup_mk64f12.o
                0x000000000000358c                DMA8_IRQHandler
 .text.DMA9_IRQHandler
                0x0000000000003594        0x8 ./startup/startup_mk64f12.o
                0x0000000000003594                DMA9_IRQHandler
 .text.DMA10_IRQHandler
                0x000000000000359c        0x8 ./startup/startup_mk64f12.o
                0x000000000000359c                DMA10_IRQHandler
 .text.DMA11_IRQHandler
                0x00000000000035a4        0x8 ./startup/startup_mk64f12.o
                0x00000000000035a4                DMA11_IRQHandler
 .text.DMA12_IRQHandler
                0x00000000000035ac        0x8 ./startup/startup_mk64f12.o
                0x00000000000035ac                DMA12_IRQHandler
 .text.DMA13_IRQHandler
                0x00000000000035b4        0x8 ./startup/startup_mk64f12.o
                0x00000000000035b4                DMA13_IRQHandler
 .text.DMA14_IRQHandler
                0x00000000000035bc        0x8 ./startup/startup_mk64f12.o
                0x00000000000035bc                DMA14_IRQHandler
 .text.DMA15_IRQHandler
                0x00000000000035c4        0x8 ./startup/startup_mk64f12.o
                0x00000000000035c4                DMA15_IRQHandler
 .text.DMA_Error_IRQHandler
                0x00000000000035cc        0x8 ./startup/startup_mk64f12.o
                0x00000000000035cc                DMA_Error_IRQHandler
 .text.MCM_IRQHandler
                0x00000000000035d4        0x8 ./startup/startup_mk64f12.o
                0x00000000000035d4                MCM_IRQHandler
 .text.FTFE_IRQHandler
                0x00000000000035dc        0x8 ./startup/startup_mk64f12.o
                0x00000000000035dc                FTFE_IRQHandler
 .text.Read_Collision_IRQHandler
                0x00000000000035e4        0x8 ./startup/startup_mk64f12.o
                0x00000000000035e4                Read_Collision_IRQHandler
 .text.LVD_LVW_IRQHandler
                0x00000000000035ec        0x8 ./startup/startup_mk64f12.o
                0x00000000000035ec                LVD_LVW_IRQHandler
 .text.LLWU_IRQHandler
                0x00000000000035f4        0x8 ./startup/startup_mk64f12.o
                0x00000000000035f4                LLWU_IRQHandler
 .text.WDOG_EWM_IRQHandler
                0x00000000000035fc        0x8 ./startup/startup_mk64f12.o
                0x00000000000035fc                WDOG_EWM_IRQHandler
 .text.RNG_IRQHandler
                0x0000000000003604        0x8 ./startup/startup_mk64f12.o
                0x0000000000003604                RNG_IRQHandler
 .text.I2C0_IRQHandler
                0x000000000000360c        0x8 ./startup/startup_mk64f12.o
                0x000000000000360c                I2C0_IRQHandler
 .text.I2C1_IRQHandler
                0x0000000000003614        0x8 ./startup/startup_mk64f12.o
                0x0000000000003614                I2C1_IRQHandler
 .text.SPI0_IRQHandler
                0x000000000000361c        0x8 ./startup/startup_mk64f12.o
                0x000000000000361c                SPI0_IRQHandler
 .text.SPI1_IRQHandler
                0x0000000000003624        0x8 ./startup/startup_mk64f12.o
                0x0000000000003624                SPI1_IRQHandler
 .text.I2S0_Tx_IRQHandler
                0x000000000000362c        0x8 ./startup/startup_mk64f12.o
                0x000000000000362c                I2S0_Tx_IRQHandler
 .text.I2S0_Rx_IRQHandler
                0x0000000000003634        0x8 ./startup/startup_mk64f12.o
                0x0000000000003634                I2S0_Rx_IRQHandler
 .text.UART0_LON_IRQHandler
                0x000000000000363c        0x8 ./startup/startup_mk64f12.o
                0x000000000000363c                UART0_LON_IRQHandler
 .text.UART0_RX_TX_IRQHandler
                0x0000000000003644        0x8 ./startup/startup_mk64f12.o
                0x0000000000003644                UART0_RX_TX_IRQHandler
 .text.UART0_ERR_IRQHandler
                0x000000000000364c        0x8 ./startup/startup_mk64f12.o
                0x000000000000364c                UART0_ERR_IRQHandler
 .text.UART1_RX_TX_IRQHandler
                0x0000000000003654        0x8 ./startup/startup_mk64f12.o
                0x0000000000003654                UART1_RX_TX_IRQHandler
 .text.UART1_ERR_IRQHandler
                0x000000000000365c        0x8 ./startup/startup_mk64f12.o
                0x000000000000365c                UART1_ERR_IRQHandler
 .text.UART2_RX_TX_IRQHandler
                0x0000000000003664        0x8 ./startup/startup_mk64f12.o
                0x0000000000003664                UART2_RX_TX_IRQHandler
 .text.UART2_ERR_IRQHandler
                0x000000000000366c        0x8 ./startup/startup_mk64f12.o
                0x000000000000366c                UART2_ERR_IRQHandler
 .text.UART3_RX_TX_IRQHandler
                0x0000000000003674        0x8 ./startup/startup_mk64f12.o
                0x0000000000003674                UART3_RX_TX_IRQHandler
 .text.UART3_ERR_IRQHandler
                0x000000000000367c        0x8 ./startup/startup_mk64f12.o
                0x000000000000367c                UART3_ERR_IRQHandler
 .text.CMP0_IRQHandler
                0x0000000000003684        0x8 ./startup/startup_mk64f12.o
                0x0000000000003684                CMP0_IRQHandler
 .text.CMP1_IRQHandler
                0x000000000000368c        0x8 ./startup/startup_mk64f12.o
                0x000000000000368c                CMP1_IRQHandler
 .text.FTM0_IRQHandler
                0x0000000000003694        0x8 ./startup/startup_mk64f12.o
                0x0000000000003694                FTM0_IRQHandler
 .text.FTM1_IRQHandler
                0x000000000000369c        0x8 ./startup/startup_mk64f12.o
                0x000000000000369c                FTM1_IRQHandler
 .text.FTM2_IRQHandler
                0x00000000000036a4        0x8 ./startup/startup_mk64f12.o
                0x00000000000036a4                FTM2_IRQHandler
 .text.CMT_IRQHandler
                0x00000000000036ac        0x8 ./startup/startup_mk64f12.o
                0x00000000000036ac                CMT_IRQHandler
 .text.RTC_IRQHandler
                0x00000000000036b4        0x8 ./startup/startup_mk64f12.o
                0x00000000000036b4                RTC_IRQHandler
 .text.RTC_Seconds_IRQHandler
                0x00000000000036bc        0x8 ./startup/startup_mk64f12.o
                0x00000000000036bc                RTC_Seconds_IRQHandler
 .text.PIT1_IRQHandler
                0x00000000000036c4        0x8 ./startup/startup_mk64f12.o
                0x00000000000036c4                PIT1_IRQHandler
 .text.PIT2_IRQHandler
                0x00000000000036cc        0x8 ./startup/startup_mk64f12.o
                0x00000000000036cc                PIT2_IRQHandler
 .text.PIT3_IRQHandler
                0x00000000000036d4        0x8 ./startup/startup_mk64f12.o
                0x00000000000036d4                PIT3_IRQHandler
 .text.PDB0_IRQHandler
                0x00000000000036dc        0x8 ./startup/startup_mk64f12.o
                0x00000000000036dc                PDB0_IRQHandler
 .text.USB0_IRQHandler
                0x00000000000036e4        0x8 ./startup/startup_mk64f12.o
                0x00000000000036e4                USB0_IRQHandler
 .text.USBDCD_IRQHandler
                0x00000000000036ec        0x8 ./startup/startup_mk64f12.o
                0x00000000000036ec                USBDCD_IRQHandler
 .text.Reserved71_IRQHandler
                0x00000000000036f4        0x8 ./startup/startup_mk64f12.o
                0x00000000000036f4                Reserved71_IRQHandler
 .text.DAC0_IRQHandler
                0x00000000000036fc        0x8 ./startup/startup_mk64f12.o
                0x00000000000036fc                DAC0_IRQHandler
 .text.MCG_IRQHandler
                0x0000000000003704        0x8 ./startup/startup_mk64f12.o
                0x0000000000003704                MCG_IRQHandler
 .text.LPTMR0_IRQHandler
                0x000000000000370c        0x8 ./startup/startup_mk64f12.o
                0x000000000000370c                LPTMR0_IRQHandler
 .text.PORTB_IRQHandler
                0x0000000000003714        0x8 ./startup/startup_mk64f12.o
                0x0000000000003714                PORTB_IRQHandler
 .text.PORTD_IRQHandler
                0x000000000000371c        0x8 ./startup/startup_mk64f12.o
                0x000000000000371c                PORTD_IRQHandler
 .text.PORTE_IRQHandler
                0x0000000000003724        0x8 ./startup/startup_mk64f12.o
                0x0000000000003724                PORTE_IRQHandler
 .text.SWI_IRQHandler
                0x000000000000372c        0x8 ./startup/startup_mk64f12.o
                0x000000000000372c                SWI_IRQHandler
 .text.SPI2_IRQHandler
                0x0000000000003734        0x8 ./startup/startup_mk64f12.o
                0x0000000000003734                SPI2_IRQHandler
 .text.UART4_RX_TX_IRQHandler
                0x000000000000373c        0x8 ./startup/startup_mk64f12.o
                0x000000000000373c                UART4_RX_TX_IRQHandler
 .text.UART4_ERR_IRQHandler
                0x0000000000003744        0x8 ./startup/startup_mk64f12.o
                0x0000000000003744                UART4_ERR_IRQHandler
 .text.UART5_RX_TX_IRQHandler
                0x000000000000374c        0x8 ./startup/startup_mk64f12.o
                0x000000000000374c                UART5_RX_TX_IRQHandler
 .text.UART5_ERR_IRQHandler
                0x0000000000003754        0x8 ./startup/startup_mk64f12.o
                0x0000000000003754                UART5_ERR_IRQHandler
 .text.CMP2_IRQHandler
                0x000000000000375c        0x8 ./startup/startup_mk64f12.o
                0x000000000000375c                CMP2_IRQHandler
 .text.FTM3_IRQHandler
                0x0000000000003764        0x8 ./startup/startup_mk64f12.o
                0x0000000000003764                FTM3_IRQHandler
 .text.DAC1_IRQHandler
                0x000000000000376c        0x8 ./startup/startup_mk64f12.o
                0x000000000000376c                DAC1_IRQHandler
 .text.ADC1_IRQHandler
                0x0000000000003774        0x8 ./startup/startup_mk64f12.o
                0x0000000000003774                ADC1_IRQHandler
 .text.I2C2_IRQHandler
                0x000000000000377c        0x8 ./startup/startup_mk64f12.o
                0x000000000000377c                I2C2_IRQHandler
 .text.CAN0_ORed_Message_buffer_IRQHandler
                0x0000000000003784        0x8 ./startup/startup_mk64f12.o
                0x0000000000003784                CAN0_ORed_Message_buffer_IRQHandler
 .text.CAN0_Bus_Off_IRQHandler
                0x000000000000378c        0x8 ./startup/startup_mk64f12.o
                0x000000000000378c                CAN0_Bus_Off_IRQHandler
 .text.CAN0_Error_IRQHandler
                0x0000000000003794        0x8 ./startup/startup_mk64f12.o
                0x0000000000003794                CAN0_Error_IRQHandler
 .text.CAN0_Tx_Warning_IRQHandler
                0x000000000000379c        0x8 ./startup/startup_mk64f12.o
                0x000000000000379c                CAN0_Tx_Warning_IRQHandler
 .text.CAN0_Rx_Warning_IRQHandler
                0x00000000000037a4        0x8 ./startup/startup_mk64f12.o
                0x00000000000037a4                CAN0_Rx_Warning_IRQHandler
 .text.CAN0_Wake_Up_IRQHandler
                0x00000000000037ac        0x8 ./startup/startup_mk64f12.o
                0x00000000000037ac                CAN0_Wake_Up_IRQHandler
 .text.SDHC_IRQHandler
                0x00000000000037b4        0x8 ./startup/startup_mk64f12.o
                0x00000000000037b4                SDHC_IRQHandler
 .text.ENET_1588_Timer_IRQHandler
                0x00000000000037bc        0x8 ./startup/startup_mk64f12.o
                0x00000000000037bc                ENET_1588_Timer_IRQHandler
 .text.ENET_Transmit_IRQHandler
                0x00000000000037c4        0x8 ./startup/startup_mk64f12.o
                0x00000000000037c4                ENET_Transmit_IRQHandler
 .text.ENET_Receive_IRQHandler
                0x00000000000037cc        0x8 ./startup/startup_mk64f12.o
                0x00000000000037cc                ENET_Receive_IRQHandler
 .text.ENET_Error_IRQHandler
                0x00000000000037d4        0x8 ./startup/startup_mk64f12.o
                0x00000000000037d4                ENET_Error_IRQHandler
 .text.GPIO_PortSet
                0x00000000000037dc       0x1c ./source/TP2_0.o
 .text.GPIO_PortClear
                0x00000000000037f8       0x1c ./source/TP2_0.o
 .text.PIT_ClearStatusFlags
                0x0000000000003814       0x2a ./source/TP2_0.o
 .text.PIT_SetTimerPeriod
                0x000000000000383e       0x28 ./source/TP2_0.o
 .text.HardFault_Handler
                0x0000000000003866       0x2c ./source/semihost_hardfault.o
                0x0000000000003866                HardFault_Handler
 .text.CLOCK_EnableClock
                0x0000000000003892       0x34 ./drivers/fsl_adc16.o
 .text.ADC16_DoAutoCalibration
                0x00000000000038c6      0x130 ./drivers/fsl_adc16.o
                0x00000000000038c6                ADC16_DoAutoCalibration
 .text.ADC16_SetChannelMuxMode
                0x00000000000039f6       0x38 ./drivers/fsl_adc16.o
                0x00000000000039f6                ADC16_SetChannelMuxMode
 .text.ADC16_SetHardwareAverage
                0x0000000000003a2e       0x3e ./drivers/fsl_adc16.o
                0x0000000000003a2e                ADC16_SetHardwareAverage
 .text.ADC16_GetStatusFlags
                0x0000000000003a6c       0x42 ./drivers/fsl_adc16.o
                0x0000000000003a6c                ADC16_GetStatusFlags
 .text.ADC16_ClearStatusFlags
                0x0000000000003aae       0x2c ./drivers/fsl_adc16.o
                0x0000000000003aae                ADC16_ClearStatusFlags
 .text.CLOCK_EnableClock
                0x0000000000003ada       0x34 ./drivers/fsl_clock.o
 .text.CLOCK_DisableClock
                0x0000000000003b0e       0x38 ./drivers/fsl_clock.o
 .text.OSC_SetExtRefClkConfig
                0x0000000000003b46       0x34 ./drivers/fsl_clock.o
 .text.OSC_SetCapLoad
                0x0000000000003b7a       0x34 ./drivers/fsl_clock.o
 .text.CLOCK_GetPll0RefFreq
                0x0000000000003bae        0xe ./drivers/fsl_clock.o
 .text.CLOCK_EnableClock
                0x0000000000003bbc       0x34 ./drivers/fsl_dac.o
 .text.GPIO_PinWrite
                0x0000000000003bf0       0x3a ./drivers/fsl_gpio.o
 .text.CLOCK_EnableClock
                0x0000000000003c2a       0x34 ./drivers/fsl_pit.o
 .text.UART0_RX_TX_DriverIRQHandler
                0x0000000000003c5e       0x12 ./drivers/fsl_uart.o
                0x0000000000003c5e                UART0_RX_TX_DriverIRQHandler
 .text.UART1_RX_TX_DriverIRQHandler
                0x0000000000003c70       0x12 ./drivers/fsl_uart.o
                0x0000000000003c70                UART1_RX_TX_DriverIRQHandler
 .text.UART2_RX_TX_DriverIRQHandler
                0x0000000000003c82       0x12 ./drivers/fsl_uart.o
                0x0000000000003c82                UART2_RX_TX_DriverIRQHandler
 .text.UART3_RX_TX_DriverIRQHandler
                0x0000000000003c94       0x12 ./drivers/fsl_uart.o
                0x0000000000003c94                UART3_RX_TX_DriverIRQHandler
 .text.UART4_RX_TX_DriverIRQHandler
                0x0000000000003ca6       0x12 ./drivers/fsl_uart.o
                0x0000000000003ca6                UART4_RX_TX_DriverIRQHandler
 .text.UART5_RX_TX_DriverIRQHandler
                0x0000000000003cb8       0x12 ./drivers/fsl_uart.o
                0x0000000000003cb8                UART5_RX_TX_DriverIRQHandler
 .text.SystemInitHook
                0x0000000000003cca        0xe ./device/system_MK64F12.o
                0x0000000000003cca                SystemInitHook
 .text.DbgConsole_Init
                0x0000000000003cd8       0x20 ./board/board.o
 .text.BOARD_InitDebugConsole
                0x0000000000003cf8       0x22 ./board/board.o
                0x0000000000003cf8                BOARD_InitDebugConsole
 .text.BOARD_InitBootClocks
                0x0000000000003d1a        0xc ./board/clock_config.o
                0x0000000000003d1a                BOARD_InitBootClocks
 .text.EnableIRQ
                0x0000000000003d26       0x2c ./board/peripherals.o
 .text.ADC16_EnableHardwareTrigger
                0x0000000000003d52       0x38 ./board/peripherals.o
 .text.DAC_Enable
                0x0000000000003d8a       0x48 ./board/peripherals.o
 .text.PIT_EnableInterrupts
                0x0000000000003dd2       0x3a ./board/peripherals.o
 .text.PIT_SetTimerPeriod
                0x0000000000003e0c       0x28 ./board/peripherals.o
 .text.PIT_StartTimer
                0x0000000000003e34       0x38 ./board/peripherals.o
 .text.GPIOA_init
                0x0000000000003e6c        0xe ./board/peripherals.o
 .text.GPIOC_init
                0x0000000000003e7a        0xe ./board/peripherals.o
 .text.BOARD_InitPeripherals
                0x0000000000003e88       0x1c ./board/peripherals.o
                0x0000000000003e88                BOARD_InitPeripherals
 .text.BOARD_InitBootPeripherals
                0x0000000000003ea4        0xc ./board/peripherals.o
                0x0000000000003ea4                BOARD_InitBootPeripherals
 .text.CLOCK_EnableClock
                0x0000000000003eb0       0x34 ./board/pin_mux.o
 .text.PORT_SetPinInterruptConfig
                0x0000000000003ee4       0x3a ./board/pin_mux.o
 .text.__main   0x0000000000003f1e        0xe /usr/local/mcuxpressoide-11.2.0_4120/ide/plugins/com.nxp.mcuxpresso.tools.linux_11.2.0.202001021529/tools/bin/../lib/gcc/arm-none-eabi/9.2.1/../../../../arm-none-eabi/lib/thumb/v7e-m+fp/hard/libcr_semihost_nf.a(_cr__main.o)
                0x0000000000003f1e                __main
                0x0000000000003f1e                __CR_SEMIHOST
 .text.memset   0x0000000000003f2c        0x4 /usr/local/mcuxpressoide-11.2.0_4120/ide/plugins/com.nxp.mcuxpresso.tools.linux_11.2.0.202001021529/tools/bin/../lib/gcc/arm-none-eabi/9.2.1/../../../../arm-none-eabi/lib/thumb/v7e-m+fp/hard/libcr_c.a(memset.o)
                0x0000000000003f2c                memset
 .text._deferredlazyseek
                0x0000000000003f30       0x40 /usr/local/mcuxpressoide-11.2.0_4120/ide/plugins/com.nxp.mcuxpresso.tools.linux_11.2.0.202001021529/tools/bin/../lib/gcc/arm-none-eabi/9.2.1/../../../../arm-none-eabi/lib/thumb/v7e-m+fp/hard/libcr_c.a(_deferredlazyseek.o)
                0x0000000000003f30                _deferredlazyseek
 .text.__flsbuf
                0x0000000000003f70      0x140 /usr/local/mcuxpressoide-11.2.0_4120/ide/plugins/com.nxp.mcuxpresso.tools.linux_11.2.0.202001021529/tools/bin/../lib/gcc/arm-none-eabi/9.2.1/../../../../arm-none-eabi/lib/thumb/v7e-m+fp/hard/libcr_c.a(_deferredlazyseek.o)
                0x0000000000003f70                __flsbuf
 .text._fflush  0x00000000000040b0       0x52 /usr/local/mcuxpressoide-11.2.0_4120/ide/plugins/com.nxp.mcuxpresso.tools.linux_11.2.0.202001021529/tools/bin/../lib/gcc/arm-none-eabi/9.2.1/../../../../arm-none-eabi/lib/thumb/v7e-m+fp/hard/libcr_c.a(_fflush.o)
                0x00000000000040b0                _fflush
 .text.free     0x0000000000004102       0x30 /usr/local/mcuxpressoide-11.2.0_4120/ide/plugins/com.nxp.mcuxpresso.tools.linux_11.2.0.202001021529/tools/bin/../lib/gcc/arm-none-eabi/9.2.1/../../../../arm-none-eabi/lib/thumb/v7e-m+fp/hard/libcr_c.a(alloc.o)
                0x0000000000004102                free
 .text.fputs    0x0000000000004132       0x2c /usr/local/mcuxpressoide-11.2.0_4120/ide/plugins/com.nxp.mcuxpresso.tools.linux_11.2.0.202001021529/tools/bin/../lib/gcc/arm-none-eabi/9.2.1/../../../../arm-none-eabi/lib/thumb/v7e-m+fp/hard/libcr_c.a(fputs.o)
                0x0000000000004132                fputs
 .text.no_fp_display
                0x000000000000415e        0x4 /usr/local/mcuxpressoide-11.2.0_4120/ide/plugins/com.nxp.mcuxpresso.tools.linux_11.2.0.202001021529/tools/bin/../lib/gcc/arm-none-eabi/9.2.1/../../../../arm-none-eabi/lib/thumb/v7e-m+fp/hard/libcr_c.a(printf.o)
 .text.setvbuf  0x0000000000004162       0x3e /usr/local/mcuxpressoide-11.2.0_4120/ide/plugins/com.nxp.mcuxpresso.tools.linux_11.2.0.202001021529/tools/bin/../lib/gcc/arm-none-eabi/9.2.1/../../../../arm-none-eabi/lib/thumb/v7e-m+fp/hard/libcr_c.a(setvbuf.o)
                0x0000000000004162                setvbuf
 .text.strlen   0x00000000000041a0       0x4c /usr/local/mcuxpressoide-11.2.0_4120/ide/plugins/com.nxp.mcuxpresso.tools.linux_11.2.0.202001021529/tools/bin/../lib/gcc/arm-none-eabi/9.2.1/../../../../arm-none-eabi/lib/thumb/v7e-m+fp/hard/libcr_c.a(strlen.o)
                0x00000000000041a0                strlen
 .text._fdopen  0x00000000000041ec       0x68 /usr/local/mcuxpressoide-11.2.0_4120/ide/plugins/com.nxp.mcuxpresso.tools.linux_11.2.0.202001021529/tools/bin/../lib/gcc/arm-none-eabi/9.2.1/../../../../arm-none-eabi/lib/thumb/v7e-m+fp/hard/libcr_c.a(_fdopen.o)
                0x00000000000041ec                _fdopen
 .text.fclose   0x0000000000004254       0x58 /usr/local/mcuxpressoide-11.2.0_4120/ide/plugins/com.nxp.mcuxpresso.tools.linux_11.2.0.202001021529/tools/bin/../lib/gcc/arm-none-eabi/9.2.1/../../../../arm-none-eabi/lib/thumb/v7e-m+fp/hard/libcr_c.a(fclose.o)
                0x0000000000004254                fclose
 .text.remove   0x00000000000042ac       0x14 /usr/local/mcuxpressoide-11.2.0_4120/ide/plugins/com.nxp.mcuxpresso.tools.linux_11.2.0.202001021529/tools/bin/../lib/gcc/arm-none-eabi/9.2.1/../../../../arm-none-eabi/lib/thumb/v7e-m+fp/hard/libcr_c.a(remove.o)
                0x00000000000042ac                remove
 .text._do_fflush
                0x00000000000042c0       0x40 /usr/local/mcuxpressoide-11.2.0_4120/ide/plugins/com.nxp.mcuxpresso.tools.linux_11.2.0.202001021529/tools/bin/../lib/gcc/arm-none-eabi/9.2.1/../../../../arm-none-eabi/lib/thumb/v7e-m+fp/hard/libcr_c.a(_do_fflush.o)
                0x00000000000042c0                _do_fflush
 .text.__aeabi_memset_lowlevel
                0x0000000000004300       0x32 /usr/local/mcuxpressoide-11.2.0_4120/ide/plugins/com.nxp.mcuxpresso.tools.linux_11.2.0.202001021529/tools/bin/../lib/gcc/arm-none-eabi/9.2.1/thumb/v7e-m+fp/hard/libcr_eabihelpers.a(memcpy.o)
                0x0000000000004300                __aeabi_lowlevel_memset
 .text.__sys_close
                0x0000000000004332        0xc /usr/local/mcuxpressoide-11.2.0_4120/ide/plugins/com.nxp.mcuxpresso.tools.linux_11.2.0.202001021529/tools/bin/../lib/gcc/arm-none-eabi/9.2.1/../../../../arm-none-eabi/lib/thumb/v7e-m+fp/hard/libcr_semihost_nf.a(__sys_close.o)
                0x0000000000004332                __sys_close
 .text.__sys_flen
                0x000000000000433e        0xc /usr/local/mcuxpressoide-11.2.0_4120/ide/plugins/com.nxp.mcuxpresso.tools.linux_11.2.0.202001021529/tools/bin/../lib/gcc/arm-none-eabi/9.2.1/../../../../arm-none-eabi/lib/thumb/v7e-m+fp/hard/libcr_semihost_nf.a(__sys_flen.o)
                0x000000000000433e                __sys_flen
 .text.__sys_istty
                0x000000000000434a        0xc /usr/local/mcuxpressoide-11.2.0_4120/ide/plugins/com.nxp.mcuxpresso.tools.linux_11.2.0.202001021529/tools/bin/../lib/gcc/arm-none-eabi/9.2.1/../../../../arm-none-eabi/lib/thumb/v7e-m+fp/hard/libcr_semihost_nf.a(__sys_istty.o)
                0x000000000000434a                __sys_istty
 .text.__sys_remove
                0x0000000000004356        0xc /usr/local/mcuxpressoide-11.2.0_4120/ide/plugins/com.nxp.mcuxpresso.tools.linux_11.2.0.202001021529/tools/bin/../lib/gcc/arm-none-eabi/9.2.1/../../../../arm-none-eabi/lib/thumb/v7e-m+fp/hard/libcr_semihost_nf.a(__sys_remove.o)
                0x0000000000004356                __sys_remove
 .text.__sys_seek
                0x0000000000004362        0xc /usr/local/mcuxpressoide-11.2.0_4120/ide/plugins/com.nxp.mcuxpresso.tools.linux_11.2.0.202001021529/tools/bin/../lib/gcc/arm-none-eabi/9.2.1/../../../../arm-none-eabi/lib/thumb/v7e-m+fp/hard/libcr_semihost_nf.a(__sys_seek.o)
                0x0000000000004362                __sys_seek
 .text.__sys_tmpnam
                0x000000000000436e        0xc /usr/local/mcuxpressoide-11.2.0_4120/ide/plugins/com.nxp.mcuxpresso.tools.linux_11.2.0.202001021529/tools/bin/../lib/gcc/arm-none-eabi/9.2.1/../../../../arm-none-eabi/lib/thumb/v7e-m+fp/hard/libcr_semihost_nf.a(__sys_tmpnam.o)
                0x000000000000436e                __sys_tmpnam
 .text.__sys_write
                0x000000000000437a        0xc /usr/local/mcuxpressoide-11.2.0_4120/ide/plugins/com.nxp.mcuxpresso.tools.linux_11.2.0.202001021529/tools/bin/../lib/gcc/arm-none-eabi/9.2.1/../../../../arm-none-eabi/lib/thumb/v7e-m+fp/hard/libcr_semihost_nf.a(__sys_write.o)
                0x000000000000437a                __sys_write
 *(SORT_BY_ALIGNMENT(.rodata) SORT_BY_ALIGNMENT(.rodata.*) SORT_BY_ALIGNMENT(.constdata) SORT_BY_ALIGNMENT(.constdata.*))
 *fill*         0x0000000000004386        0x2 ff
 .rodata.ADC16_GetChannelConversionValue.str1.4
                0x0000000000004388       0x86 ./source/TP2_0.o
 *fill*         0x000000000000440e        0x2 ff
 .rodata.lp8k   0x0000000000004410      0x240 ./source/TP2_0.o
                0x0000000000004410                lp8k
 .rodata.hp8k   0x0000000000004650      0x26c ./source/TP2_0.o
                0x0000000000004650                hp8k
 .rodata.bp8k   0x00000000000048bc       0xf8 ./source/TP2_0.o
                0x00000000000048bc                bp8k
 .rodata.bs8k   0x00000000000049b4      0x280 ./source/TP2_0.o
                0x00000000000049b4                bs8k
 .rodata.lp16k  0x0000000000004c34      0x124 ./source/TP2_0.o
                0x0000000000004c34                lp16k
 .rodata.hp16k  0x0000000000004d58      0x258 ./source/TP2_0.o
                0x0000000000004d58                hp16k
 .rodata.bp16k  0x0000000000004fb0       0xf8 ./source/TP2_0.o
                0x0000000000004fb0                bp16k
 .rodata.bs16k  0x00000000000050a8      0x278 ./source/TP2_0.o
                0x00000000000050a8                bs16k
 .rodata.rate   0x0000000000005320       0x14 ./source/TP2_0.o
                0x0000000000005320                rate
 .rodata.main.str1.4
                0x0000000000005334        0xd ./source/TP2_0.o
 *fill*         0x0000000000005341        0x3 ff
 .rodata.s_adc16Bases
                0x0000000000005344        0x8 ./drivers/fsl_adc16.o
 .rodata.s_adc16Clocks
                0x000000000000534c        0x8 ./drivers/fsl_adc16.o
 .rodata.ADC16_GetInstance.str1.4
                0x0000000000005354       0x36 ./drivers/fsl_adc16.o
 *fill*         0x000000000000538a        0x2 ff
 .rodata.ADC16_Init.str1.4
                0x000000000000538c       0x21 ./drivers/fsl_adc16.o
 *fill*         0x00000000000053ad        0x3 ff
 .rodata.ADC16_SetChannelConfig.str1.4
                0x00000000000053b0       0x52 ./drivers/fsl_adc16.o
 *fill*         0x0000000000005402        0x2 ff
 .rodata.ADC16_GetChannelStatusFlags.str1.4
                0x0000000000005404       0x30 ./drivers/fsl_adc16.o
 .rodata.CLOCK_GetMcgExtClkFreq.str1.4
                0x0000000000005434       0x4e ./drivers/fsl_clock.o
 *fill*         0x0000000000005482        0x2 ff
 .rodata.CLOCK_GetPll0Freq.str1.4
                0x0000000000005484       0x1e ./drivers/fsl_clock.o
 *fill*         0x00000000000054a2        0x2 ff
 .rodata.CLOCK_EnablePll0.str1.4
                0x00000000000054a4       0x1b ./drivers/fsl_clock.o
 *fill*         0x00000000000054bf        0x1 ff
 .rodata.CLOCK_SetPbeMode.str1.4
                0x00000000000054c0       0x1b ./drivers/fsl_clock.o
 *fill*         0x00000000000054db        0x1 ff
 .rodata.CLOCK_BootToPeeMode.str1.4
                0x00000000000054dc       0x1b ./drivers/fsl_clock.o
 *fill*         0x00000000000054f7        0x1 ff
 .rodata.fllFactorTable.7941
                0x00000000000054f8       0x10 ./drivers/fsl_clock.o
 .rodata.s_dacBases
                0x0000000000005508        0x8 ./drivers/fsl_dac.o
 .rodata.s_dacClocks
                0x0000000000005510        0x8 ./drivers/fsl_dac.o
 .rodata.DAC_GetInstance.str1.4
                0x0000000000005518       0x32 ./drivers/fsl_dac.o
 *fill*         0x000000000000554a        0x2 ff
 .rodata.DAC_Init.str1.4
                0x000000000000554c       0x1f ./drivers/fsl_dac.o
 *fill*         0x000000000000556b        0x1 ff
 .rodata.DAC_SetBufferValue.str1.4
                0x000000000000556c       0x28 ./drivers/fsl_dac.o
 .rodata.DAC_SetBufferReadPointer.str1.4
                0x0000000000005594       0x28 ./drivers/fsl_dac.o
 .rodata.EDMA_HandleIRQ.str1.4
                0x00000000000055bc       0x22 ./drivers/fsl_edma.o
 *fill*         0x00000000000055de        0x2 ff
 .rodata.s_portBases
                0x00000000000055e0       0x14 ./drivers/fsl_gpio.o
 .rodata.s_gpioBases
                0x00000000000055f4       0x14 ./drivers/fsl_gpio.o
 .rodata.GPIO_GetInstance.str1.4
                0x0000000000005608       0x34 ./drivers/fsl_gpio.o
 .rodata.GPIO_PinInit.str1.4
                0x000000000000563c       0x21 ./drivers/fsl_gpio.o
 *fill*         0x000000000000565d        0x3 ff
 .rodata.PIT_GetInstance.str1.4
                0x0000000000005660       0x32 ./drivers/fsl_pit.o
 *fill*         0x0000000000005692        0x2 ff
 .rodata.PIT_Init.str1.4
                0x0000000000005694       0x1f ./drivers/fsl_pit.o
 *fill*         0x00000000000056b3        0x1 ff
 .rodata.mcgConfig_BOARD_BootClockRUN
                0x00000000000056b4        0xb ./board/clock_config.o
                0x00000000000056b4                mcgConfig_BOARD_BootClockRUN
 *fill*         0x00000000000056bf        0x1 ff
 .rodata.simConfig_BOARD_BootClockRUN
                0x00000000000056c0        0x8 ./board/clock_config.o
                0x00000000000056c0                simConfig_BOARD_BootClockRUN
 .rodata.oscConfig_BOARD_BootClockRUN
                0x00000000000056c8        0x8 ./board/clock_config.o
                0x00000000000056c8                oscConfig_BOARD_BootClockRUN
 .rodata.ADC0_config
                0x00000000000056d0        0x9 ./board/peripherals.o
                0x00000000000056d0                ADC0_config
 *fill*         0x00000000000056d9        0x3 ff
 .rodata.DAC0_config
                0x00000000000056dc        0x2 ./board/peripherals.o
                0x00000000000056dc                DAC0_config
 *fill*         0x00000000000056de        0x2 ff
 .rodata.PIT_config
                0x00000000000056e0        0x1 ./board/peripherals.o
                0x00000000000056e0                PIT_config
 *fill*         0x00000000000056e1        0x3 ff
 .rodata.PORT_SetPinConfig.str1.4
                0x00000000000056e4       0x48 ./board/pin_mux.o
 .rodata        0x000000000000572c        0x2 ./board/pin_mux.o
 *fill*         0x000000000000572e        0x2 ff
 .rodata.__num_Ciob_streams
                0x0000000000005730        0x4 /usr/local/mcuxpressoide-11.2.0_4120/ide/plugins/com.nxp.mcuxpresso.tools.linux_11.2.0.202001021529/tools/bin/../lib/gcc/arm-none-eabi/9.2.1/../../../../arm-none-eabi/lib/thumb/v7e-m+fp/hard/libcr_semihost_nf.a(__ciob.o)
                0x0000000000005730                __num_Ciob_streams
 .rodata.__assertion_failed.str1.1
                0x0000000000005734       0x15 /usr/local/mcuxpressoide-11.2.0_4120/ide/plugins/com.nxp.mcuxpresso.tools.linux_11.2.0.202001021529/tools/bin/../lib/gcc/arm-none-eabi/9.2.1/../../../../arm-none-eabi/lib/thumb/v7e-m+fp/hard/libcr_semihost_nf.a(_cr_assert.o)
 .rodata._Csys_alloc.str1.1
                0x0000000000005749       0x18 /usr/local/mcuxpressoide-11.2.0_4120/ide/plugins/com.nxp.mcuxpresso.tools.linux_11.2.0.202001021529/tools/bin/../lib/gcc/arm-none-eabi/9.2.1/../../../../arm-none-eabi/lib/thumb/v7e-m+fp/hard/libcr_c.a(alloc.o)
 .rodata._initio.str1.1
                0x0000000000005761        0x4 /usr/local/mcuxpressoide-11.2.0_4120/ide/plugins/com.nxp.mcuxpresso.tools.linux_11.2.0.202001021529/tools/bin/../lib/gcc/arm-none-eabi/9.2.1/../../../../arm-none-eabi/lib/thumb/v7e-m+fp/hard/libcr_c.a(initio.o)
 .rodata.__vfprintf.str1.1
                0x0000000000005765       0x35 /usr/local/mcuxpressoide-11.2.0_4120/ide/plugins/com.nxp.mcuxpresso.tools.linux_11.2.0.202001021529/tools/bin/../lib/gcc/arm-none-eabi/9.2.1/../../../../arm-none-eabi/lib/thumb/v7e-m+fp/hard/libcr_c.a(printf.o)
                                         0x38 (size before relaxing)
                0x00000000000057a0                . = ALIGN (0x8)
 *fill*         0x000000000000579a        0x6 ff

.glue_7         0x00000000000057a0        0x0
 .glue_7        0x00000000000057a0        0x0 linker stubs

.glue_7t        0x00000000000057a0        0x0
 .glue_7t       0x00000000000057a0        0x0 linker stubs

.vfp11_veneer   0x00000000000057a0        0x0
 .vfp11_veneer  0x00000000000057a0        0x0 linker stubs

.v4_bx          0x00000000000057a0        0x0
 .v4_bx         0x00000000000057a0        0x0 linker stubs

.iplt           0x00000000000057a0        0x0
 .iplt          0x00000000000057a0        0x0 ./startup/startup_mk64f12.o

.rel.dyn        0x00000000000057a0        0x0
 .rel.iplt      0x00000000000057a0        0x0 ./startup/startup_mk64f12.o

.ARM.extab
 *(SORT_BY_ALIGNMENT(.ARM.extab*) SORT_BY_ALIGNMENT(.gnu.linkonce.armextab.*))

.ARM.exidx      0x00000000000057a0        0x0
                0x00000000000057a0                __exidx_start = .
 *(SORT_BY_ALIGNMENT(.ARM.exidx*) SORT_BY_ALIGNMENT(.gnu.linkonce.armexidx.*))
                0x00000000000057a0                __exidx_end = .
                0x00000000000057a0                _etext = .

.m_usb_data
 *(SORT_BY_ALIGNMENT(m_usb_bdt))

.data_RAM2      0x000000001fff0000        0x0 load address 0x00000000000057a0
 FILL mask 0xff
                [!provide]                        PROVIDE (__start_data_RAM2 = .)
                [!provide]                        PROVIDE (__start_data_SRAM_LOWER = .)
 *(SORT_BY_ALIGNMENT(.ramfunc.$RAM2))
 *(SORT_BY_ALIGNMENT(.ramfunc.$SRAM_LOWER))
 *(SORT_BY_ALIGNMENT(.data.$RAM2))
 *(SORT_BY_ALIGNMENT(.data.$SRAM_LOWER))
 *(SORT_BY_ALIGNMENT(.data.$RAM2.*))
 *(SORT_BY_ALIGNMENT(.data.$SRAM_LOWER.*))
                0x000000001fff0000                . = ALIGN (0x8)
                [!provide]                        PROVIDE (__end_data_RAM2 = .)
                [!provide]                        PROVIDE (__end_data_SRAM_LOWER = .)

.data_RAM3      0x0000000014000000        0x0 load address 0x00000000000057a0
 FILL mask 0xff
                [!provide]                        PROVIDE (__start_data_RAM3 = .)
                [!provide]                        PROVIDE (__start_data_FLEX_RAM = .)
 *(SORT_BY_ALIGNMENT(.ramfunc.$RAM3))
 *(SORT_BY_ALIGNMENT(.ramfunc.$FLEX_RAM))
 *(SORT_BY_ALIGNMENT(.data.$RAM3))
 *(SORT_BY_ALIGNMENT(.data.$FLEX_RAM))
 *(SORT_BY_ALIGNMENT(.data.$RAM3.*))
 *(SORT_BY_ALIGNMENT(.data.$FLEX_RAM.*))
                0x0000000014000000                . = ALIGN (0x8)
                [!provide]                        PROVIDE (__end_data_RAM3 = .)
                [!provide]                        PROVIDE (__end_data_FLEX_RAM = .)

.uninit_RESERVED
                0x0000000020000000        0x0
                0x0000000020000000                _start_uninit_RESERVED = .
 *(SORT_BY_ALIGNMENT(.bss.$RESERVED*))
                0x0000000020000000                . = ALIGN (0x8)
                0x0000000020000000                _end_uninit_RESERVED = .

.data           0x0000000020000000       0x18 load address 0x00000000000057a0
 FILL mask 0xff
                0x0000000020000000                _data = .
                [!provide]                        PROVIDE (__start_data_RAM = .)
                [!provide]                        PROVIDE (__start_data_SRAM_UPPER = .)
 *(SORT_BY_ALIGNMENT(vtable))
 *(SORT_BY_ALIGNMENT(.ramfunc*))
 *(SORT_BY_ALIGNMENT(CodeQuickAccess))
 *(SORT_BY_ALIGNMENT(DataQuickAccess))
 *(SORT_BY_ALIGNMENT(RamFunction))
 *(SORT_BY_ALIGNMENT(.data*))
 .data.s_slowIrcFreq
                0x0000000020000000        0x4 ./drivers/fsl_clock.o
 .data.s_fastIrcFreq
                0x0000000020000004        0x4 ./drivers/fsl_clock.o
 .data.SystemCoreClock
                0x0000000020000008        0x4 ./device/system_MK64F12.o
                0x0000000020000008                SystemCoreClock
 .data.ADC0_channelsConfig
                0x000000002000000c        0x8 ./board/peripherals.o
                0x000000002000000c                ADC0_channelsConfig
 .data.byPass   0x0000000020000014        0x1 ./source/TP2_0.o
                0x0000000020000014                byPass
                0x0000000020000018                . = ALIGN (0x8)
 *fill*         0x0000000020000015        0x3 ff
                0x0000000020000018                _edata = .
                [!provide]                        PROVIDE (__end_data_RAM = .)
                [!provide]                        PROVIDE (__end_data_SRAM_UPPER = .)

.igot.plt       0x0000000020000018        0x0 load address 0x00000000000057b8
 .igot.plt      0x0000000020000018        0x0 ./startup/startup_mk64f12.o

.bss_RAM2       0x000000001fff0000        0x0
                [!provide]                        PROVIDE (__start_bss_RAM2 = .)
                [!provide]                        PROVIDE (__start_bss_SRAM_LOWER = .)
 *(SORT_BY_ALIGNMENT(.bss.$RAM2))
 *(SORT_BY_ALIGNMENT(.bss.$SRAM_LOWER))
 *(SORT_BY_ALIGNMENT(.bss.$RAM2.*))
 *(SORT_BY_ALIGNMENT(.bss.$SRAM_LOWER.*))
                0x000000001fff0000                . = ALIGN ((. != 0x0)?0x8:0x1)
                [!provide]                        PROVIDE (__end_bss_RAM2 = .)
                [!provide]                        PROVIDE (__end_bss_SRAM_LOWER = .)

.bss_RAM3       0x0000000014000000        0x0
                [!provide]                        PROVIDE (__start_bss_RAM3 = .)
                [!provide]                        PROVIDE (__start_bss_FLEX_RAM = .)
 *(SORT_BY_ALIGNMENT(.bss.$RAM3))
 *(SORT_BY_ALIGNMENT(.bss.$FLEX_RAM))
 *(SORT_BY_ALIGNMENT(.bss.$RAM3.*))
 *(SORT_BY_ALIGNMENT(.bss.$FLEX_RAM.*))
                0x0000000014000000                . = ALIGN ((. != 0x0)?0x8:0x1)
                [!provide]                        PROVIDE (__end_bss_RAM3 = .)
                [!provide]                        PROVIDE (__end_bss_FLEX_RAM = .)

.bss            0x0000000020000018     0x38c8
                0x0000000020000018                _bss = .
                [!provide]                        PROVIDE (__start_bss_RAM = .)
                [!provide]                        PROVIDE (__start_bss_SRAM_UPPER = .)
 *(SORT_BY_ALIGNMENT(.bss*))
 .bss.pRate     0x0000000020000018        0x4 ./source/TP2_0.o
                0x0000000020000018                pRate
 .bss.fRate     0x000000002000001c        0x4 ./source/TP2_0.o
                0x000000002000001c                fRate
 .bss.buffIn    0x0000000020000020      0x400 ./source/TP2_0.o
                0x0000000020000020                buffIn
 .bss.buffOut   0x0000000020000420      0x400 ./source/TP2_0.o
                0x0000000020000420                buffOut
 .bss.pBuffIn   0x0000000020000820        0x4 ./source/TP2_0.o
                0x0000000020000820                pBuffIn
 .bss.pBuffOut  0x0000000020000824        0x4 ./source/TP2_0.o
                0x0000000020000824                pBuffOut
 .bss.fBuffIn   0x0000000020000828        0x4 ./source/TP2_0.o
                0x0000000020000828                fBuffIn
 .bss.fBuffOut  0x000000002000082c        0x4 ./source/TP2_0.o
                0x000000002000082c                fBuffOut
 .bss.lp8kStatus
                0x0000000020000830      0x63e ./source/TP2_0.o
                0x0000000020000830                lp8kStatus
 *fill*         0x0000000020000e6e        0x2 
 .bss.hp8kStatus
                0x0000000020000e70      0x66a ./source/TP2_0.o
                0x0000000020000e70                hp8kStatus
 *fill*         0x00000000200014da        0x2 
 .bss.bp8kStatus
                0x00000000200014dc      0x4f6 ./source/TP2_0.o
                0x00000000200014dc                bp8kStatus
 *fill*         0x00000000200019d2        0x2 
 .bss.bs8kStatus
                0x00000000200019d4      0x67e ./source/TP2_0.o
                0x00000000200019d4                bs8kStatus
 *fill*         0x0000000020002052        0x2 
 .bss.lp16kStatus
                0x0000000020002054      0x522 ./source/TP2_0.o
                0x0000000020002054                lp16kStatus
 *fill*         0x0000000020002576        0x2 
 .bss.hp16kStatus
                0x0000000020002578      0x656 ./source/TP2_0.o
                0x0000000020002578                hp16kStatus
 *fill*         0x0000000020002bce        0x2 
 .bss.bp16kStatus
                0x0000000020002bd0      0x4f6 ./source/TP2_0.o
                0x0000000020002bd0                bp16kStatus
 *fill*         0x00000000200030c6        0x2 
 .bss.bs16kStatus
                0x00000000200030c8      0x676 ./source/TP2_0.o
                0x00000000200030c8                bs16kStatus
 *fill*         0x000000002000373e        0x2 
 .bss.lp3k6s8k  0x0000000020003740        0xc ./source/TP2_0.o
                0x0000000020003740                lp3k6s8k
 .bss.hp100s8k  0x000000002000374c        0xc ./source/TP2_0.o
                0x000000002000374c                hp100s8k
 .bss.bp100a3k5s8k
                0x0000000020003758        0xc ./source/TP2_0.o
                0x0000000020003758                bp100a3k5s8k
 .bss.bs100bw40s8k
                0x0000000020003764        0xc ./source/TP2_0.o
                0x0000000020003764                bs100bw40s8k
 .bss.lp3k6s16k
                0x0000000020003770        0xc ./source/TP2_0.o
                0x0000000020003770                lp3k6s16k
 .bss.hp100s16k
                0x000000002000377c        0xc ./source/TP2_0.o
                0x000000002000377c                hp100s16k
 .bss.bp100a3k5s16k
                0x0000000020003788        0xc ./source/TP2_0.o
                0x0000000020003788                bp100a3k5s16k
 .bss.bs50bw80s16k
                0x0000000020003794        0xc ./source/TP2_0.o
                0x0000000020003794                bs50bw80s16k
 .bss.g_xtal0Freq
                0x00000000200037a0        0x4 ./drivers/fsl_clock.o
                0x00000000200037a0                g_xtal0Freq
 .bss.g_xtal32Freq
                0x00000000200037a4        0x4 ./drivers/fsl_clock.o
                0x00000000200037a4                g_xtal32Freq
 .bss.s_EDMAHandle
                0x00000000200037a8       0x40 ./drivers/fsl_edma.o
 .bss.s_i2cHandle
                0x00000000200037e8        0xc ./drivers/fsl_i2c.o
 .bss.s_i2cMasterIsr
                0x00000000200037f4        0x4 ./drivers/fsl_i2c.o
 .bss.s_i2cSlaveIsr
                0x00000000200037f8        0x4 ./drivers/fsl_i2c.o
 .bss.s_uartHandle
                0x00000000200037fc       0x18 ./drivers/fsl_uart.o
 .bss.s_uartIsr
                0x0000000020003814        0x4 ./drivers/fsl_uart.o
 .bss.__Ciob    0x0000000020003818       0xb4 /usr/local/mcuxpressoide-11.2.0_4120/ide/plugins/com.nxp.mcuxpresso.tools.linux_11.2.0.202001021529/tools/bin/../lib/gcc/arm-none-eabi/9.2.1/../../../../arm-none-eabi/lib/thumb/v7e-m+fp/hard/libcr_semihost_nf.a(__ciob.o)
                0x0000000020003818                __Ciob
 .bss.__end_of_heap
                0x00000000200038cc        0x4 /usr/local/mcuxpressoide-11.2.0_4120/ide/plugins/com.nxp.mcuxpresso.tools.linux_11.2.0.202001021529/tools/bin/../lib/gcc/arm-none-eabi/9.2.1/../../../../arm-none-eabi/lib/thumb/v7e-m+fp/hard/libcr_c.a(__init_alloc.o)
                0x00000000200038cc                __end_of_heap
 .bss.__heaps   0x00000000200038d0        0x4 /usr/local/mcuxpressoide-11.2.0_4120/ide/plugins/com.nxp.mcuxpresso.tools.linux_11.2.0.202001021529/tools/bin/../lib/gcc/arm-none-eabi/9.2.1/../../../../arm-none-eabi/lib/thumb/v7e-m+fp/hard/libcr_c.a(__init_alloc.o)
                0x00000000200038d0                __heaps
 .bss.errno     0x00000000200038d4        0x4 /usr/local/mcuxpressoide-11.2.0_4120/ide/plugins/com.nxp.mcuxpresso.tools.linux_11.2.0.202001021529/tools/bin/../lib/gcc/arm-none-eabi/9.2.1/../../../../arm-none-eabi/lib/thumb/v7e-m+fp/hard/libcr_c.a(errno.o)
                0x00000000200038d4                errno
 .bss.contRate  0x00000000200038d8        0x1 ./source/TP2_0.o
                0x00000000200038d8                contRate
 .bss.buffFull  0x00000000200038d9        0x1 ./source/TP2_0.o
                0x00000000200038d9                buffFull
 *(SORT_BY_ALIGNMENT(COMMON))
                0x00000000200038e0                . = ALIGN (0x8)
 *fill*         0x00000000200038da        0x6 
                0x00000000200038e0                _ebss = .
                [!provide]                        PROVIDE (__end_bss_RAM = .)
                [!provide]                        PROVIDE (__end_bss_SRAM_UPPER = .)
                [!provide]                        PROVIDE (end = .)

.noinit_RAM2    0x000000001fff0000        0x0
                [!provide]                        PROVIDE (__start_noinit_RAM2 = .)
                [!provide]                        PROVIDE (__start_noinit_SRAM_LOWER = .)
 *(SORT_BY_ALIGNMENT(.noinit.$RAM2))
 *(SORT_BY_ALIGNMENT(.noinit.$SRAM_LOWER))
 *(SORT_BY_ALIGNMENT(.noinit.$RAM2.*))
 *(SORT_BY_ALIGNMENT(.noinit.$SRAM_LOWER.*))
                0x000000001fff0000                . = ALIGN (0x8)
                [!provide]                        PROVIDE (__end_noinit_RAM2 = .)
                [!provide]                        PROVIDE (__end_noinit_SRAM_LOWER = .)

.noinit_RAM3    0x0000000014000000        0x0
                [!provide]                        PROVIDE (__start_noinit_RAM3 = .)
                [!provide]                        PROVIDE (__start_noinit_FLEX_RAM = .)
 *(SORT_BY_ALIGNMENT(.noinit.$RAM3))
 *(SORT_BY_ALIGNMENT(.noinit.$FLEX_RAM))
 *(SORT_BY_ALIGNMENT(.noinit.$RAM3.*))
 *(SORT_BY_ALIGNMENT(.noinit.$FLEX_RAM.*))
                0x0000000014000000                . = ALIGN (0x8)
                [!provide]                        PROVIDE (__end_noinit_RAM3 = .)
                [!provide]                        PROVIDE (__end_noinit_FLEX_RAM = .)

.noinit         0x00000000200038e0        0x0
                0x00000000200038e0                _noinit = .
                [!provide]                        PROVIDE (__start_noinit_RAM = .)
                [!provide]                        PROVIDE (__start_noinit_SRAM_UPPER = .)
 *(SORT_BY_ALIGNMENT(.noinit*))
                0x00000000200038e0                . = ALIGN (0x8)
                0x00000000200038e0                _end_noinit = .
                [!provide]                        PROVIDE (__end_noinit_RAM = .)
                [!provide]                        PROVIDE (__end_noinit_SRAM_UPPER = .)
                0x0000000000001000                _HeapSize = 0x1000

.heap           0x00000000200038e0     0x1000
                0x00000000200038e0                _pvHeapStart = .
                0x00000000200048e0                . = (. + _HeapSize)
 *fill*         0x00000000200038e0     0x1000 
                0x00000000200048e0                . = ALIGN (0x8)
                0x00000000200048e0                _pvHeapLimit = .
                0x0000000000001000                _StackSize = 0x1000

.heap2stackfill
                0x00000000200048e0     0x1000
                0x00000000200058e0                . = (. + _StackSize)
 *fill*         0x00000000200048e0     0x1000 

.stack          0x000000002002f000        0x0
                0x000000002002f000                _vStackBase = .
                0x000000002002f000                . = ALIGN (0x8)
                0x0000000020030000                _vStackTop = (. + _StackSize)
                0x0000000000000000                _image_start = LOADADDR (.text)
                0x00000000000057b8                _image_end = (LOADADDR (.data) + SIZEOF (.data))
                0x00000000000057b8                _image_size = (_image_end - _image_start)
OUTPUT(TP2_0.axf elf32-littlearm)

.debug_info     0x0000000000000000    0x12231
 .debug_info    0x0000000000000000      0x92e ./startup/startup_mk64f12.o
 .debug_info    0x000000000000092e     0x1817 ./source/TP2_0.o
 .debug_info    0x0000000000002145       0x3c ./source/semihost_hardfault.o
 .debug_info    0x0000000000002181      0xe87 ./drivers/fsl_adc16.o
 .debug_info    0x0000000000003008     0x21ca ./drivers/fsl_clock.o
 .debug_info    0x00000000000051d2      0xae5 ./drivers/fsl_dac.o
 .debug_info    0x0000000000005cb7     0x230f ./drivers/fsl_edma.o
 .debug_info    0x0000000000007fc6      0x6f8 ./drivers/fsl_gpio.o
 .debug_info    0x00000000000086be     0x1f08 ./drivers/fsl_i2c.o
 .debug_info    0x000000000000a5c6      0x7a9 ./drivers/fsl_pit.o
 .debug_info    0x000000000000ad6f     0x1cbb ./drivers/fsl_uart.o
 .debug_info    0x000000000000ca2a      0x69f ./device/system_MK64F12.o
 .debug_info    0x000000000000d0c9      0x672 ./board/board.o
 .debug_info    0x000000000000d73b      0xcf0 ./board/clock_config.o
 .debug_info    0x000000000000e42b     0x107e ./board/peripherals.o
 .debug_info    0x000000000000f4a9      0xcad ./board/pin_mux.o
 .debug_info    0x0000000000010156     0x14e4 /home/cliff/mcuxpresso/02/SDKPackages/SDK_2.8.2_FRDM-K64F_Linux/CMSIS/DSP/Lib/GCC/libarm_cortexM4lf_math.a(arm_fir_q15.o)
 .debug_info    0x000000000001163a      0xbf7 /home/cliff/mcuxpresso/02/SDKPackages/SDK_2.8.2_FRDM-K64F_Linux/CMSIS/DSP/Lib/GCC/libarm_cortexM4lf_math.a(arm_fir_init_q15.o)

.debug_abbrev   0x0000000000000000     0x2c61
 .debug_abbrev  0x0000000000000000      0x17a ./startup/startup_mk64f12.o
 .debug_abbrev  0x000000000000017a      0x36f ./source/TP2_0.o
 .debug_abbrev  0x00000000000004e9       0x31 ./source/semihost_hardfault.o
 .debug_abbrev  0x000000000000051a      0x299 ./drivers/fsl_adc16.o
 .debug_abbrev  0x00000000000007b3      0x371 ./drivers/fsl_clock.o
 .debug_abbrev  0x0000000000000b24      0x253 ./drivers/fsl_dac.o
 .debug_abbrev  0x0000000000000d77      0x3fd ./drivers/fsl_edma.o
 .debug_abbrev  0x0000000000001174      0x1b8 ./drivers/fsl_gpio.o
 .debug_abbrev  0x000000000000132c      0x395 ./drivers/fsl_i2c.o
 .debug_abbrev  0x00000000000016c1      0x21d ./drivers/fsl_pit.o
 .debug_abbrev  0x00000000000018de      0x358 ./drivers/fsl_uart.o
 .debug_abbrev  0x0000000000001c36      0x170 ./device/system_MK64F12.o
 .debug_abbrev  0x0000000000001da6      0x1a0 ./board/board.o
 .debug_abbrev  0x0000000000001f46      0x265 ./board/clock_config.o
 .debug_abbrev  0x00000000000021ab      0x25f ./board/peripherals.o
 .debug_abbrev  0x000000000000240a      0x2d5 ./board/pin_mux.o
 .debug_abbrev  0x00000000000026df      0x343 /home/cliff/mcuxpresso/02/SDKPackages/SDK_2.8.2_FRDM-K64F_Linux/CMSIS/DSP/Lib/GCC/libarm_cortexM4lf_math.a(arm_fir_q15.o)
 .debug_abbrev  0x0000000000002a22      0x23f /home/cliff/mcuxpresso/02/SDKPackages/SDK_2.8.2_FRDM-K64F_Linux/CMSIS/DSP/Lib/GCC/libarm_cortexM4lf_math.a(arm_fir_init_q15.o)

.debug_aranges  0x0000000000000000      0xe90
 .debug_aranges
                0x0000000000000000      0x330 ./startup/startup_mk64f12.o
 .debug_aranges
                0x0000000000000330       0xa0 ./source/TP2_0.o
 .debug_aranges
                0x00000000000003d0       0x20 ./source/semihost_hardfault.o
 .debug_aranges
                0x00000000000003f0       0x88 ./drivers/fsl_adc16.o
 .debug_aranges
                0x0000000000000478      0x1f8 ./drivers/fsl_clock.o
 .debug_aranges
                0x0000000000000670       0x90 ./drivers/fsl_dac.o
 .debug_aranges
                0x0000000000000700      0x1e8 ./drivers/fsl_edma.o
 .debug_aranges
                0x00000000000008e8       0x40 ./drivers/fsl_gpio.o
 .debug_aranges
                0x0000000000000928      0x180 ./drivers/fsl_i2c.o
 .debug_aranges
                0x0000000000000aa8       0x40 ./drivers/fsl_pit.o
 .debug_aranges
                0x0000000000000ae8      0x180 ./drivers/fsl_uart.o
 .debug_aranges
                0x0000000000000c68       0x30 ./device/system_MK64F12.o
 .debug_aranges
                0x0000000000000c98       0x28 ./board/board.o
 .debug_aranges
                0x0000000000000cc0       0x80 ./board/clock_config.o
 .debug_aranges
                0x0000000000000d40       0x88 ./board/peripherals.o
 .debug_aranges
                0x0000000000000dc8       0x88 ./board/pin_mux.o
 .debug_aranges
                0x0000000000000e50       0x20 /home/cliff/mcuxpresso/02/SDKPackages/SDK_2.8.2_FRDM-K64F_Linux/CMSIS/DSP/Lib/GCC/libarm_cortexM4lf_math.a(arm_fir_q15.o)
 .debug_aranges
                0x0000000000000e70       0x20 /home/cliff/mcuxpresso/02/SDKPackages/SDK_2.8.2_FRDM-K64F_Linux/CMSIS/DSP/Lib/GCC/libarm_cortexM4lf_math.a(arm_fir_init_q15.o)

.debug_ranges   0x0000000000000000      0xf88
 .debug_ranges  0x0000000000000000      0x320 ./startup/startup_mk64f12.o
 .debug_ranges  0x0000000000000320       0x90 ./source/TP2_0.o
 .debug_ranges  0x00000000000003b0       0x10 ./source/semihost_hardfault.o
 .debug_ranges  0x00000000000003c0       0x78 ./drivers/fsl_adc16.o
 .debug_ranges  0x0000000000000438      0x1e8 ./drivers/fsl_clock.o
 .debug_ranges  0x0000000000000620       0x80 ./drivers/fsl_dac.o
 .debug_ranges  0x00000000000006a0      0x1d8 ./drivers/fsl_edma.o
 .debug_ranges  0x0000000000000878       0x30 ./drivers/fsl_gpio.o
 .debug_ranges  0x00000000000008a8      0x170 ./drivers/fsl_i2c.o
 .debug_ranges  0x0000000000000a18       0x30 ./drivers/fsl_pit.o
 .debug_ranges  0x0000000000000a48      0x170 ./drivers/fsl_uart.o
 .debug_ranges  0x0000000000000bb8       0x20 ./device/system_MK64F12.o
 .debug_ranges  0x0000000000000bd8       0x18 ./board/board.o
 .debug_ranges  0x0000000000000bf0       0x70 ./board/clock_config.o
 .debug_ranges  0x0000000000000c60       0x78 ./board/peripherals.o
 .debug_ranges  0x0000000000000cd8       0x78 ./board/pin_mux.o
 .debug_ranges  0x0000000000000d50      0x228 /home/cliff/mcuxpresso/02/SDKPackages/SDK_2.8.2_FRDM-K64F_Linux/CMSIS/DSP/Lib/GCC/libarm_cortexM4lf_math.a(arm_fir_q15.o)
 .debug_ranges  0x0000000000000f78       0x10 /home/cliff/mcuxpresso/02/SDKPackages/SDK_2.8.2_FRDM-K64F_Linux/CMSIS/DSP/Lib/GCC/libarm_cortexM4lf_math.a(arm_fir_init_q15.o)

.debug_macro    0x0000000000000000     0x1ae3
 .debug_macro   0x0000000000000000       0x29 ./startup/startup_mk64f12.o
 .debug_macro   0x0000000000000029      0x212 ./source/TP2_0.o
 .debug_macro   0x000000000000023b       0xd8 ./source/TP2_0.o
 .debug_macro   0x0000000000000313       0x22 ./source/TP2_0.o
 .debug_macro   0x0000000000000335       0x16 ./source/TP2_0.o
 .debug_macro   0x000000000000034b       0x16 ./source/TP2_0.o
 .debug_macro   0x0000000000000361       0x16 ./source/TP2_0.o
 .debug_macro   0x0000000000000377      0x1a4 ./source/TP2_0.o
 .debug_macro   0x000000000000051b       0x10 ./source/TP2_0.o
 .debug_macro   0x000000000000052b       0x10 ./source/TP2_0.o
 .debug_macro   0x000000000000053b       0x10 ./source/TP2_0.o
 .debug_macro   0x000000000000054b       0xa0 ./source/TP2_0.o
 .debug_macro   0x00000000000005eb      0x2cc ./source/TP2_0.o
 .debug_macro   0x00000000000008b7       0x2e ./source/TP2_0.o
 .debug_macro   0x00000000000008e5       0xc4 ./source/TP2_0.o
 .debug_macro   0x00000000000009a9      0x16f ./source/TP2_0.o
 .debug_macro   0x0000000000000b18       0xc8 ./source/TP2_0.o
 .debug_macro   0x0000000000000be0       0x11 ./source/semihost_hardfault.o
 .debug_macro   0x0000000000000bf1      0x104 ./drivers/fsl_adc16.o
 .debug_macro   0x0000000000000cf5       0x1c ./drivers/fsl_adc16.o
 .debug_macro   0x0000000000000d11      0x1ba ./drivers/fsl_clock.o
 .debug_macro   0x0000000000000ecb      0x104 ./drivers/fsl_dac.o
 .debug_macro   0x0000000000000fcf      0x109 ./drivers/fsl_edma.o
 .debug_macro   0x00000000000010d8       0x10 ./drivers/fsl_edma.o
 .debug_macro   0x00000000000010e8      0x103 ./drivers/fsl_gpio.o
 .debug_macro   0x00000000000011eb       0x10 ./drivers/fsl_gpio.o
 .debug_macro   0x00000000000011fb      0x103 ./drivers/fsl_i2c.o
 .debug_macro   0x00000000000012fe       0x1c ./drivers/fsl_i2c.o
 .debug_macro   0x000000000000131a      0x104 ./drivers/fsl_pit.o
 .debug_macro   0x000000000000141e      0x109 ./drivers/fsl_uart.o
 .debug_macro   0x0000000000001527       0x10 ./drivers/fsl_uart.o
 .debug_macro   0x0000000000001537       0x98 ./device/system_MK64F12.o
 .debug_macro   0x00000000000015cf      0x16c ./board/board.o
 .debug_macro   0x000000000000173b       0x16 ./board/board.o
 .debug_macro   0x0000000000001751      0x15f ./board/clock_config.o
 .debug_macro   0x00000000000018b0      0x12a ./board/peripherals.o
 .debug_macro   0x00000000000019da      0x109 ./board/pin_mux.o

.debug_line     0x0000000000000000     0x951a
 .debug_line    0x0000000000000000      0x90e ./startup/startup_mk64f12.o
 .debug_line    0x000000000000090e      0x801 ./source/TP2_0.o
 .debug_line    0x000000000000110f       0x59 ./source/semihost_hardfault.o
 .debug_line    0x0000000000001168      0x64d ./drivers/fsl_adc16.o
 .debug_line    0x00000000000017b5     0x1488 ./drivers/fsl_clock.o
 .debug_line    0x0000000000002c3d      0x56b ./drivers/fsl_dac.o
 .debug_line    0x00000000000031a8     0x12bb ./drivers/fsl_edma.o
 .debug_line    0x0000000000004463      0x3b4 ./drivers/fsl_gpio.o
 .debug_line    0x0000000000004817     0x13bb ./drivers/fsl_i2c.o
 .debug_line    0x0000000000005bd2      0x3c1 ./drivers/fsl_pit.o
 .debug_line    0x0000000000005f93     0x1302 ./drivers/fsl_uart.o
 .debug_line    0x0000000000007295      0x3d5 ./device/system_MK64F12.o
 .debug_line    0x000000000000766a      0x448 ./board/board.o
 .debug_line    0x0000000000007ab2      0x4cb ./board/clock_config.o
 .debug_line    0x0000000000007f7d      0x4ea ./board/peripherals.o
 .debug_line    0x0000000000008467      0x5ed ./board/pin_mux.o
 .debug_line    0x0000000000008a54      0x81f /home/cliff/mcuxpresso/02/SDKPackages/SDK_2.8.2_FRDM-K64F_Linux/CMSIS/DSP/Lib/GCC/libarm_cortexM4lf_math.a(arm_fir_q15.o)
 .debug_line    0x0000000000009273      0x2a7 /home/cliff/mcuxpresso/02/SDKPackages/SDK_2.8.2_FRDM-K64F_Linux/CMSIS/DSP/Lib/GCC/libarm_cortexM4lf_math.a(arm_fir_init_q15.o)

.debug_str      0x0000000000000000    0x84a94
 .debug_str     0x0000000000000000     0x369b ./startup/startup_mk64f12.o
                                       0x3767 (size before relaxing)
 .debug_str     0x000000000000369b    0x7ac08 ./source/TP2_0.o
                                      0x7dcd5 (size before relaxing)
 .debug_str     0x000000000007e2a3       0x1f ./source/semihost_hardfault.o
                                       0x2ef8 (size before relaxing)
 .debug_str     0x000000000007e2c2      0x597 ./drivers/fsl_adc16.o
                                      0x7a786 (size before relaxing)
 .debug_str     0x000000000007e859     0x1862 ./drivers/fsl_clock.o
                                      0x7b969 (size before relaxing)
 .debug_str     0x00000000000800bb      0x330 ./drivers/fsl_dac.o
                                      0x7a19a (size before relaxing)
 .debug_str     0x00000000000803eb     0x1518 ./drivers/fsl_edma.o
                                      0x7b476 (size before relaxing)
 .debug_str     0x0000000000081903      0x189 ./drivers/fsl_gpio.o
                                      0x79c7f (size before relaxing)
 .debug_str     0x0000000000081a8c      0xcad ./drivers/fsl_i2c.o
                                      0x7b077 (size before relaxing)
 .debug_str     0x0000000000082739       0x78 ./drivers/fsl_pit.o
                                      0x79e35 (size before relaxing)
 .debug_str     0x00000000000827b1      0xe1b ./drivers/fsl_uart.o
                                      0x7b1dd (size before relaxing)
 .debug_str     0x00000000000835cc      0x10f ./device/system_MK64F12.o
                                      0x783a9 (size before relaxing)
 .debug_str     0x00000000000836db       0xc4 ./board/board.o
                                      0x7ad55 (size before relaxing)
 .debug_str     0x000000000008379f      0x455 ./board/clock_config.o
                                      0x7a477 (size before relaxing)
 .debug_str     0x0000000000083bf4       0xdb ./board/peripherals.o
                                      0x7ad9c (size before relaxing)
 .debug_str     0x0000000000083ccf      0x692 ./board/pin_mux.o
                                      0x7aa1b (size before relaxing)
 .debug_str     0x0000000000084361      0x645 /home/cliff/mcuxpresso/02/SDKPackages/SDK_2.8.2_FRDM-K64F_Linux/CMSIS/DSP/Lib/GCC/libarm_cortexM4lf_math.a(arm_fir_q15.o)
                                        0x77e (size before relaxing)
 .debug_str     0x00000000000849a6       0xee /home/cliff/mcuxpresso/02/SDKPackages/SDK_2.8.2_FRDM-K64F_Linux/CMSIS/DSP/Lib/GCC/libarm_cortexM4lf_math.a(arm_fir_init_q15.o)
                                        0x769 (size before relaxing)

.comment        0x0000000000000000       0xee
 .comment       0x0000000000000000       0x79 ./startup/startup_mk64f12.o
                                         0x7a (size before relaxing)
 .comment       0x0000000000000079       0x7a ./source/TP2_0.o
 .comment       0x0000000000000079       0x7a ./source/semihost_hardfault.o
 .comment       0x0000000000000079       0x7a ./drivers/fsl_adc16.o
 .comment       0x0000000000000079       0x7a ./drivers/fsl_clock.o
 .comment       0x0000000000000079       0x7a ./drivers/fsl_dac.o
 .comment       0x0000000000000079       0x7a ./drivers/fsl_edma.o
 .comment       0x0000000000000079       0x7a ./drivers/fsl_gpio.o
 .comment       0x0000000000000079       0x7a ./drivers/fsl_i2c.o
 .comment       0x0000000000000079       0x7a ./drivers/fsl_pit.o
 .comment       0x0000000000000079       0x7a ./drivers/fsl_uart.o
 .comment       0x0000000000000079       0x7a ./device/system_MK64F12.o
 .comment       0x0000000000000079       0x7a ./board/board.o
 .comment       0x0000000000000079       0x7a ./board/clock_config.o
 .comment       0x0000000000000079       0x7a ./board/peripherals.o
 .comment       0x0000000000000079       0x7a ./board/pin_mux.o
 .comment       0x0000000000000079       0x75 /home/cliff/mcuxpresso/02/SDKPackages/SDK_2.8.2_FRDM-K64F_Linux/CMSIS/DSP/Lib/GCC/libarm_cortexM4lf_math.a(arm_fir_q15.o)
                                         0x76 (size before relaxing)
 .comment       0x00000000000000ee       0x76 /home/cliff/mcuxpresso/02/SDKPackages/SDK_2.8.2_FRDM-K64F_Linux/CMSIS/DSP/Lib/GCC/libarm_cortexM4lf_math.a(arm_fir_init_q15.o)
 .comment       0x00000000000000ee       0x7a /usr/local/mcuxpressoide-11.2.0_4120/ide/plugins/com.nxp.mcuxpresso.tools.linux_11.2.0.202001021529/tools/bin/../lib/gcc/arm-none-eabi/9.2.1/../../../../arm-none-eabi/lib/thumb/v7e-m+fp/hard/libcr_semihost_nf.a(_cr__main.o)
 .comment       0x00000000000000ee       0x7a /usr/local/mcuxpressoide-11.2.0_4120/ide/plugins/com.nxp.mcuxpresso.tools.linux_11.2.0.202001021529/tools/bin/../lib/gcc/arm-none-eabi/9.2.1/../../../../arm-none-eabi/lib/thumb/v7e-m+fp/hard/libcr_semihost_nf.a(_cr_assert.o)
 .comment       0x00000000000000ee       0x7a /usr/local/mcuxpressoide-11.2.0_4120/ide/plugins/com.nxp.mcuxpresso.tools.linux_11.2.0.202001021529/tools/bin/../lib/gcc/arm-none-eabi/9.2.1/../../../../arm-none-eabi/lib/thumb/v7e-m+fp/hard/libcr_semihost_nf.a(__ciob.o)
 .comment       0x00000000000000ee       0x7a /usr/local/mcuxpressoide-11.2.0_4120/ide/plugins/com.nxp.mcuxpresso.tools.linux_11.2.0.202001021529/tools/bin/../lib/gcc/arm-none-eabi/9.2.1/../../../../arm-none-eabi/lib/thumb/v7e-m+fp/hard/libcr_c.a(memset.o)
 .comment       0x00000000000000ee       0x7a /usr/local/mcuxpressoide-11.2.0_4120/ide/plugins/com.nxp.mcuxpresso.tools.linux_11.2.0.202001021529/tools/bin/../lib/gcc/arm-none-eabi/9.2.1/../../../../arm-none-eabi/lib/thumb/v7e-m+fp/hard/libcr_c.a(_deferredlazyseek.o)
 .comment       0x00000000000000ee       0x7a /usr/local/mcuxpressoide-11.2.0_4120/ide/plugins/com.nxp.mcuxpresso.tools.linux_11.2.0.202001021529/tools/bin/../lib/gcc/arm-none-eabi/9.2.1/../../../../arm-none-eabi/lib/thumb/v7e-m+fp/hard/libcr_c.a(_fflush.o)
 .comment       0x00000000000000ee       0x7a /usr/local/mcuxpressoide-11.2.0_4120/ide/plugins/com.nxp.mcuxpresso.tools.linux_11.2.0.202001021529/tools/bin/../lib/gcc/arm-none-eabi/9.2.1/../../../../arm-none-eabi/lib/thumb/v7e-m+fp/hard/libcr_c.a(_writebuf.o)
 .comment       0x00000000000000ee       0x7a /usr/local/mcuxpressoide-11.2.0_4120/ide/plugins/com.nxp.mcuxpresso.tools.linux_11.2.0.202001021529/tools/bin/../lib/gcc/arm-none-eabi/9.2.1/../../../../arm-none-eabi/lib/thumb/v7e-m+fp/hard/libcr_c.a(alloc.o)
 .comment       0x00000000000000ee       0x7a /usr/local/mcuxpressoide-11.2.0_4120/ide/plugins/com.nxp.mcuxpresso.tools.linux_11.2.0.202001021529/tools/bin/../lib/gcc/arm-none-eabi/9.2.1/../../../../arm-none-eabi/lib/thumb/v7e-m+fp/hard/libcr_c.a(fputs.o)