MPLINK 4.49, Linker
Linker Map File - Created Mon Dec 16 01:11:50 2019

                                 Section Info
                  Section       Type    Address   Location Size(Bytes)
                ---------  ---------  ---------  ---------  ---------
                   .org_0       code   0x000000    program   0x000000
                   .org_1       code   0x000000    program   0x000002
                   .org_2       code   0x000005    program   0x00007e
      .config_2007_CON1.O       code   0x002007    program   0x000002



                              Program Memory Usage 
                               Start         End      
                           ---------   ---------      
                            0x000000    0x000000      
                            0x000005    0x000043      
                            0x002007    0x002007      
            65 out of 8455 program addresses used, program memory utilization is 0%



                              Symbols - Sorted by Name
                     Name    Address   Location    Storage File                     
                ---------  ---------  ---------  --------- ---------                
               TMR2_setup   0x000041    program     static C:\Users\Cliff\Desktop\sources\BLDC\Con1.asm
                   femcem   0x00003e    program     static C:\Users\Cliff\Desktop\sources\BLDC\Con1.asm
                     main   0x000013    program     static C:\Users\Cliff\Desktop\sources\BLDC\Con1.asm
                   ret_ms   0x000038    program     static C:\Users\Cliff\Desktop\sources\BLDC\Con1.asm
                    setup   0x000005    program     static C:\Users\Cliff\Desktop\sources\BLDC\Con1.asm



                              Symbols - Sorted by Address
                     Name    Address   Location    Storage File                     
                ---------  ---------  ---------  --------- ---------                
                    setup   0x000005    program     static C:\Users\Cliff\Desktop\sources\BLDC\Con1.asm
                     main   0x000013    program     static C:\Users\Cliff\Desktop\sources\BLDC\Con1.asm
                   ret_ms   0x000038    program     static C:\Users\Cliff\Desktop\sources\BLDC\Con1.asm
                   femcem   0x00003e    program     static C:\Users\Cliff\Desktop\sources\BLDC\Con1.asm
               TMR2_setup   0x000041    program     static C:\Users\Cliff\Desktop\sources\BLDC\Con1.asm


