fsl_common.h:552:28:DisableGlobalIRQ	16	static
fsl_common.h:583:24:EnableGlobalIRQ	24	static
fsl_gpio.h:182:20:GPIO_PortSet	16	static
fsl_gpio.h:193:20:GPIO_PortClear	16	static
fsl_adc16.h:487:24:ADC16_GetChannelConversionValue	16	static
fsl_pit.h:220:20:PIT_ClearStatusFlags	24	static
fsl_pit.h:246:20:PIT_SetTimerPeriod	24	static
fsl_pit.h:264:24:PIT_GetCurrentTimerCount	16	static
fsl_pit.h:286:20:PIT_StartTimer	16	static
fsl_pit.h:300:20:PIT_StopTimer	16	static
TP2_0.c:80:5:main	24	static
TP2_0.c:151:6:mostrarRate	8	static
TP2_0.c:181:6:PORTA_IRQHandler	8	static
TP2_0.c:197:6:PORTC_IRQHandler	8	static
TP2_0.c:208:6:PIT0_IRQHandler	8	static
TP2_0.c:228:6:ADC0_IRQHandler	16	static
TP2_0.c:253:7:timeCount	24	static
